Archive member included to satisfy reference by file (symbol)

C:/ST/STM32CubeIDE_2.0.0/STM32CubeIDE/plugins/com.st.stm32cube.ide.mcu.externaltools.gnu-tools-for-stm32.14.3.rel1.win32_1.0.100.202602081740/tools/bin/../lib/gcc/arm-none-eabi/14.3.1/../../../../arm-none-eabi/lib/thumb/v7e-m/nofp\libc_nano.a(libc_a-exit.o)
                              C:/ST/STM32CubeIDE_2.0.0/STM32CubeIDE/plugins/com.st.stm32cube.ide.mcu.externaltools.gnu-tools-for-stm32.14.3.rel1.win32_1.0.100.202602081740/tools/bin/../lib/gcc/arm-none-eabi/14.3.1/../../../../arm-none-eabi/lib/thumb/v7e-m/nofp/rdimon-crt0.o (exit)
C:/ST/STM32CubeIDE_2.0.0/STM32CubeIDE/plugins/com.st.stm32cube.ide.mcu.externaltools.gnu-tools-for-stm32.14.3.rel1.win32_1.0.100.202602081740/tools/bin/../lib/gcc/arm-none-eabi/14.3.1/../../../../arm-none-eabi/lib/thumb/v7e-m/nofp\libc_nano.a(libc_a-findfp.o)
                              C:/ST/STM32CubeIDE_2.0.0/STM32CubeIDE/plugins/com.st.stm32cube.ide.mcu.externaltools.gnu-tools-for-stm32.14.3.rel1.win32_1.0.100.202602081740/tools/bin/../lib/gcc/arm-none-eabi/14.3.1/../../../../arm-none-eabi/lib/thumb/v7e-m/nofp\libc_nano.a(libc_a-exit.o) (__stdio_exit_handler)
C:/ST/STM32CubeIDE_2.0.0/STM32CubeIDE/plugins/com.st.stm32cube.ide.mcu.externaltools.gnu-tools-for-stm32.14.3.rel1.win32_1.0.100.202602081740/tools/bin/../lib/gcc/arm-none-eabi/14.3.1/../../../../arm-none-eabi/lib/thumb/v7e-m/nofp\libc_nano.a(libc_a-fwalk.o)
                              C:/ST/STM32CubeIDE_2.0.0/STM32CubeIDE/plugins/com.st.stm32cube.ide.mcu.externaltools.gnu-tools-for-stm32.14.3.rel1.win32_1.0.100.202602081740/tools/bin/../lib/gcc/arm-none-eabi/14.3.1/../../../../arm-none-eabi/lib/thumb/v7e-m/nofp\libc_nano.a(libc_a-findfp.o) (_fwalk_sglue)
C:/ST/STM32CubeIDE_2.0.0/STM32CubeIDE/plugins/com.st.stm32cube.ide.mcu.externaltools.gnu-tools-for-stm32.14.3.rel1.win32_1.0.100.202602081740/tools/bin/../lib/gcc/arm-none-eabi/14.3.1/../../../../arm-none-eabi/lib/thumb/v7e-m/nofp\libc_nano.a(libc_a-puts.o)
                              ./Src/017rtc_lcd.o (puts)
C:/ST/STM32CubeIDE_2.0.0/STM32CubeIDE/plugins/com.st.stm32cube.ide.mcu.externaltools.gnu-tools-for-stm32.14.3.rel1.win32_1.0.100.202602081740/tools/bin/../lib/gcc/arm-none-eabi/14.3.1/../../../../arm-none-eabi/lib/thumb/v7e-m/nofp\libc_nano.a(libc_a-stdio.o)
                              C:/ST/STM32CubeIDE_2.0.0/STM32CubeIDE/plugins/com.st.stm32cube.ide.mcu.externaltools.gnu-tools-for-stm32.14.3.rel1.win32_1.0.100.202602081740/tools/bin/../lib/gcc/arm-none-eabi/14.3.1/../../../../arm-none-eabi/lib/thumb/v7e-m/nofp\libc_nano.a(libc_a-findfp.o) (__sread)
C:/ST/STM32CubeIDE_2.0.0/STM32CubeIDE/plugins/com.st.stm32cube.ide.mcu.externaltools.gnu-tools-for-stm32.14.3.rel1.win32_1.0.100.202602081740/tools/bin/../lib/gcc/arm-none-eabi/14.3.1/../../../../arm-none-eabi/lib/thumb/v7e-m/nofp\libc_nano.a(libc_a-wbuf.o)
                              C:/ST/STM32CubeIDE_2.0.0/STM32CubeIDE/plugins/com.st.stm32cube.ide.mcu.externaltools.gnu-tools-for-stm32.14.3.rel1.win32_1.0.100.202602081740/tools/bin/../lib/gcc/arm-none-eabi/14.3.1/../../../../arm-none-eabi/lib/thumb/v7e-m/nofp\libc_nano.a(libc_a-puts.o) (__swbuf_r)
C:/ST/STM32CubeIDE_2.0.0/STM32CubeIDE/plugins/com.st.stm32cube.ide.mcu.externaltools.gnu-tools-for-stm32.14.3.rel1.win32_1.0.100.202602081740/tools/bin/../lib/gcc/arm-none-eabi/14.3.1/../../../../arm-none-eabi/lib/thumb/v7e-m/nofp\libc_nano.a(libc_a-wsetup.o)
                              C:/ST/STM32CubeIDE_2.0.0/STM32CubeIDE/plugins/com.st.stm32cube.ide.mcu.externaltools.gnu-tools-for-stm32.14.3.rel1.win32_1.0.100.202602081740/tools/bin/../lib/gcc/arm-none-eabi/14.3.1/../../../../arm-none-eabi/lib/thumb/v7e-m/nofp\libc_nano.a(libc_a-puts.o) (__swsetup_r)
C:/ST/STM32CubeIDE_2.0.0/STM32CubeIDE/plugins/com.st.stm32cube.ide.mcu.externaltools.gnu-tools-for-stm32.14.3.rel1.win32_1.0.100.202602081740/tools/bin/../lib/gcc/arm-none-eabi/14.3.1/../../../../arm-none-eabi/lib/thumb/v7e-m/nofp\libc_nano.a(libc_a-memset.o)
                              C:/ST/STM32CubeIDE_2.0.0/STM32CubeIDE/plugins/com.st.stm32cube.ide.mcu.externaltools.gnu-tools-for-stm32.14.3.rel1.win32_1.0.100.202602081740/tools/bin/../lib/gcc/arm-none-eabi/14.3.1/../../../../arm-none-eabi/lib/thumb/v7e-m/nofp/rdimon-crt0.o (memset)
C:/ST/STM32CubeIDE_2.0.0/STM32CubeIDE/plugins/com.st.stm32cube.ide.mcu.externaltools.gnu-tools-for-stm32.14.3.rel1.win32_1.0.100.202602081740/tools/bin/../lib/gcc/arm-none-eabi/14.3.1/../../../../arm-none-eabi/lib/thumb/v7e-m/nofp\libc_nano.a(libc_a-closer.o)
                              C:/ST/STM32CubeIDE_2.0.0/STM32CubeIDE/plugins/com.st.stm32cube.ide.mcu.externaltools.gnu-tools-for-stm32.14.3.rel1.win32_1.0.100.202602081740/tools/bin/../lib/gcc/arm-none-eabi/14.3.1/../../../../arm-none-eabi/lib/thumb/v7e-m/nofp\libc_nano.a(libc_a-stdio.o) (_close_r)
[...]
Memory Configuration

Name             Origin             Length             Attributes
CCMRAM           0x10000000         0x00010000         xrw
RAM              0x20000000         0x00020000         xrw
FLASH            0x08000000         0x00100000         xr
*default*        0x00000000         0xffffffff

Linker script and memory map

LOAD C:/ST/STM32CubeIDE_2.0.0/STM32CubeIDE/plugins/com.st.stm32cube.ide.mcu.externaltools.gnu-tools-for-stm32.14.3.rel1.win32_1.0.100.202602081740/tools/bin/../lib/gcc/arm-none-eabi/14.3.1/thumb/v7e-m/nofp/crti.o
LOAD C:/ST/STM32CubeIDE_2.0.0/STM32CubeIDE/plugins/com.st.stm32cube.ide.mcu.externaltools.gnu-tools-for-stm32.14.3.rel1.win32_1.0.100.202602081740/tools/bin/../lib/gcc/arm-none-eabi/14.3.1/thumb/v7e-m/nofp/crtbegin.o
LOAD C:/ST/STM32CubeIDE_2.0.0/STM32CubeIDE/plugins/com.st.stm32cube.ide.mcu.externaltools.gnu-tools-for-stm32.14.3.rel1.win32_1.0.100.202602081740/tools/bin/../lib/gcc/arm-none-eabi/14.3.1/../../../../arm-none-eabi/lib/thumb/v7e-m/nofp/rdimon-crt0.o
LOAD ./Src/017rtc_lcd.o
LOAD ./Src/sysmem.o
LOAD ./Startup/startup_stm32f407vgtx.o
LOAD ./bsp/Src/ds1307.o
LOAD ./bsp/Src/lcd.o
LOAD ./drivers/Src/stm32f407xx_gpio_driver.o
LOAD ./drivers/Src/stm32f407xx_i2c_driver.o
LOAD ./drivers/Src/stm32f407xx_rcc_driver.o
LOAD ./drivers/Src/stm32f407xx_spi_driver.o
LOAD ./drivers/Src/stm32f407xx_usart_driver.o
LOAD C:/ST/STM32CubeIDE_2.0.0/STM32CubeIDE/plugins/com.st.stm32cube.ide.mcu.externaltools.gnu-tools-for-stm32.14.3.rel1.win32_1.0.100.202602081740/tools/bin/../lib/gcc/arm-none-eabi/14.3.1/../../../../arm-none-eabi/lib/thumb/v7e-m/nofp\libc_nano.a
LOAD C:/ST/STM32CubeIDE_2.0.0/STM32CubeIDE/plugins/com.st.stm32cube.ide.mcu.externaltools.gnu-tools-for-stm32.14.3.rel1.win32_1.0.100.202602081740/tools/bin/../lib/gcc/arm-none-eabi/14.3.1/../../../../arm-none-eabi/lib/thumb/v7e-m/nofp\librdimon_nano.a
START GROUP
LOAD C:/ST/STM32CubeIDE_2.0.0/STM32CubeIDE/plugins/com.st.stm32cube.ide.mcu.externaltools.gnu-tools-for-stm32.14.3.rel1.win32_1.0.100.202602081740/tools/bin/../lib/gcc/arm-none-eabi/14.3.1/../../../../arm-none-eabi/lib/thumb/v7e-m/nofp\libc_nano.a
LOAD C:/ST/STM32CubeIDE_2.0.0/STM32CubeIDE/plugins/com.st.stm32cube.ide.mcu.externaltools.gnu-tools-for-stm32.14.3.rel1.win32_1.0.100.202602081740/tools/bin/../lib/gcc/arm-none-eabi/14.3.1/../../../../arm-none-eabi/lib/thumb/v7e-m/nofp\libm.a
END GROUP
START GROUP
LOAD C:/ST/STM32CubeIDE_2.0.0/STM32CubeIDE/plugins/com.st.stm32cube.ide.mcu.externaltools.gnu-tools-for-stm32.14.3.rel1.win32_1.0.100.202602081740/tools/bin/../lib/gcc/arm-none-eabi/14.3.1/thumb/v7e-m/nofp\libgcc.a
LOAD C:/ST/STM32CubeIDE_2.0.0/STM32CubeIDE/plugins/com.st.stm32cube.ide.mcu.externaltools.gnu-tools-for-stm32.14.3.rel1.win32_1.0.100.202602081740/tools/bin/../lib/gcc/arm-none-eabi/14.3.1/../../../../arm-none-eabi/lib/thumb/v7e-m/nofp\libc_nano.a
END GROUP
START GROUP
LOAD C:/ST/STM32CubeIDE_2.0.0/STM32CubeIDE/plugins/com.st.stm32cube.ide.mcu.externaltools.gnu-tools-for-stm32.14.3.rel1.win32_1.0.100.202602081740/tools/bin/../lib/gcc/arm-none-eabi/14.3.1/thumb/v7e-m/nofp\libgcc.a
LOAD C:/ST/STM32CubeIDE_2.0.0/STM32CubeIDE/plugins/com.st.stm32cube.ide.mcu.externaltools.gnu-tools-for-stm32.14.3.rel1.win32_1.0.100.202602081740/tools/bin/../lib/gcc/arm-none-eabi/14.3.1/../../../../arm-none-eabi/lib/thumb/v7e-m/nofp\libc_nano.a
LOAD C:/ST/STM32CubeIDE_2.0.0/STM32CubeIDE/plugins/com.st.stm32cube.ide.mcu.externaltools.gnu-tools-for-stm32.14.3.rel1.win32_1.0.100.202602081740/tools/bin/../lib/gcc/arm-none-eabi/14.3.1/../../../../arm-none-eabi/lib/thumb/v7e-m/nofp\librdimon_nano.a
END GROUP
START GROUP
LOAD C:/ST/STM32CubeIDE_2.0.0/STM32CubeIDE/plugins/com.st.stm32cube.ide.mcu.externaltools.gnu-tools-for-stm32.14.3.rel1.win32_1.0.100.202602081740/tools/bin/../lib/gcc/arm-none-eabi/14.3.1/thumb/v7e-m/nofp\libgcc.a
LOAD C:/ST/STM32CubeIDE_2.0.0/STM32CubeIDE/plugins/com.st.stm32cube.ide.mcu.externaltools.gnu-tools-for-stm32.14.3.rel1.win32_1.0.100.202602081740/tools/bin/../lib/gcc/arm-none-eabi/14.3.1/../../../../arm-none-eabi/lib/thumb/v7e-m/nofp\libc_nano.a
LOAD C:/ST/STM32CubeIDE_2.0.0/STM32CubeIDE/plugins/com.st.stm32cube.ide.mcu.externaltools.gnu-tools-for-stm32.14.3.rel1.win32_1.0.100.202602081740/tools/bin/../lib/gcc/arm-none-eabi/14.3.1/../../../../arm-none-eabi/lib/thumb/v7e-m/nofp\librdimon_nano.a
END GROUP
LOAD C:/ST/STM32CubeIDE_2.0.0/STM32CubeIDE/plugins/com.st.stm32cube.ide.mcu.externaltools.gnu-tools-for-stm32.14.3.rel1.win32_1.0.100.202602081740/tools/bin/../lib/gcc/arm-none-eabi/14.3.1/thumb/v7e-m/nofp/crtend.o
LOAD C:/ST/STM32CubeIDE_2.0.0/STM32CubeIDE/plugins/com.st.stm32cube.ide.mcu.externaltools.gnu-tools-for-stm32.14.3.rel1.win32_1.0.100.202602081740/tools/bin/../lib/gcc/arm-none-eabi/14.3.1/thumb/v7e-m/nofp/crtn.o
                0x20020000                        _estack = (ORIGIN (RAM) + LENGTH (RAM))
                0x00000200                        _Min_Heap_Size = 0x200
                0x00000400                        _Min_Stack_Size = 0x400

.isr_vector     0x08000000      0x188
                0x08000000                        . = ALIGN (0x4)
 *(.isr_vector)
 .isr_vector    0x08000000      0x188 ./Startup/startup_stm32f407vgtx.o
                0x08000000                g_pfnVectors
                0x08000188                        . = ALIGN (0x4)

.text           0x08000188     0x2330
                0x08000188                        . = ALIGN (0x4)
 *(.text)
 .text          0x08000188       0x40 C:/ST/STM32CubeIDE_2.0.0/STM32CubeIDE/plugins/com.st.stm32cube.ide.mcu.externaltools.gnu-tools-for-stm32.14.3.rel1.win32_1.0.100.202602081740/tools/bin/../lib/gcc/arm-none-eabi/14.3.1/thumb/v7e-m/nofp/crtbegin.o
 *(.text*)
 .text.init_systick_timer
                0x080001c8       0x68 ./Src/017rtc_lcd.o
                0x080001c8                init_systick_timer
 .text.get_day_of_week
                0x08000230       0x3c ./Src/017rtc_lcd.o
                0x08000230                get_day_of_week
 .text.number_to_string
                0x0800026c       0x74 ./Src/017rtc_lcd.o
                0x0800026c                number_to_string
 .text.time_to_string
                0x080002e0       0x54 ./Src/017rtc_lcd.o
                0x080002e0                time_to_string
 .text.date_to_string
                0x08000334       0x54 ./Src/017rtc_lcd.o
                0x08000334                date_to_string
 .text.main     0x08000388      0x120 ./Src/017rtc_lcd.o
                0x08000388                main
 .text.SysTick_Handler
                0x080004a8       0xb4 ./Src/017rtc_lcd.o
                0x080004a8                SysTick_Handler
 .text._sbrk    0x0800055c       0x6c ./Src/sysmem.o
                0x0800055c                _sbrk
 .text.Reset_Handler
                0x080005c8       0x50 ./Startup/startup_stm32f407vgtx.o
                0x080005c8                Reset_Handler
 .text.Default_Handler
                0x08000618        0x2 ./Startup/startup_stm32f407vgtx.o
                0x08000618                RTC_Alarm_IRQHandler
                0x08000618                HASH_RNG_IRQHandler
                0x08000618                EXTI2_IRQHandler
                0x08000618                TIM8_CC_IRQHandler
                0x08000618                DebugMon_Handler
                0x08000618                TIM1_CC_IRQHandler
                0x08000618                DMA2_Stream5_IRQHandler
                0x08000618                HardFault_Handler
                0x08000618                DMA1_Stream5_IRQHandler
                0x08000618                PVD_IRQHandler
                0x08000618                SDIO_IRQHandler
                0x08000618                TAMP_STAMP_IRQHandler
                0x08000618                PendSV_Handler
                0x08000618                NMI_Handler
                0x08000618                CAN2_RX1_IRQHandler
                0x08000618                EXTI3_IRQHandler
                0x08000618                TIM8_TRG_COM_TIM14_IRQHandler
                0x08000618                TIM1_UP_TIM10_IRQHandler
                0x08000618                TIM8_UP_TIM13_IRQHandler
                0x08000618                I2C3_ER_IRQHandler
                0x08000618                EXTI0_IRQHandler
                0x08000618                I2C2_EV_IRQHandler
                0x08000618                DMA1_Stream2_IRQHandler
                0x08000618                CAN1_RX0_IRQHandler
                0x08000618                FPU_IRQHandler
                0x08000618                OTG_HS_WKUP_IRQHandler
                0x08000618                UsageFault_Handler
                0x08000618                CAN2_SCE_IRQHandler
                0x08000618                DMA2_Stream2_IRQHandler
                0x08000618                SPI1_IRQHandler
                0x08000618                TIM6_DAC_IRQHandler
                0x08000618                TIM1_BRK_TIM9_IRQHandler
                0x08000618                DCMI_IRQHandler
                0x08000618                CAN2_RX0_IRQHandler
                0x08000618                DMA2_Stream3_IRQHandler
                0x08000618                USART6_IRQHandler
                0x08000618                USART3_IRQHandler
                0x08000618                CRYP_IRQHandler
                0x08000618                CAN1_RX1_IRQHandler
                0x08000618                UART5_IRQHandler
                0x08000618                DMA2_Stream0_IRQHandler
                0x08000618                TIM4_IRQHandler
                0x08000618                I2C1_EV_IRQHandler
                0x08000618                DMA1_Stream6_IRQHandler
                0x08000618                DMA1_Stream1_IRQHandler
                0x08000618                UART4_IRQHandler
                0x08000618                TIM3_IRQHandler
                0x08000618                RCC_IRQHandler
                0x08000618                TIM8_BRK_TIM12_IRQHandler
                0x08000618                Default_Handler
                0x08000618                EXTI15_10_IRQHandler
                0x08000618                ADC_IRQHandler
                0x08000618                DMA1_Stream7_IRQHandler
                0x08000618                TIM7_IRQHandler
                0x08000618                CAN2_TX_IRQHandler
                0x08000618                TIM5_IRQHandler
                0x08000618                DMA2_Stream7_IRQHandler
                0x08000618                I2C3_EV_IRQHandler
                0x08000618                EXTI9_5_IRQHandler
                0x08000618                RTC_WKUP_IRQHandler
                0x08000618                ETH_WKUP_IRQHandler
                0x08000618                SPI2_IRQHandler
                0x08000618                OTG_HS_EP1_IN_IRQHandler
                0x08000618                MemManage_Handler
                0x08000618                DMA1_Stream0_IRQHandler
                0x08000618                CAN1_TX_IRQHandler
                0x08000618                SVC_Handler
                0x08000618                EXTI4_IRQHandler
                0x08000618                FSMC_IRQHandler
                0x08000618                ETH_IRQHandler
                0x08000618                OTG_HS_EP1_OUT_IRQHandler
                0x08000618                WWDG_IRQHandler
                0x08000618                TIM2_IRQHandler
                0x08000618                OTG_FS_WKUP_IRQHandler
                0x08000618                TIM1_TRG_COM_TIM11_IRQHandler
                0x08000618                OTG_HS_IRQHandler
                0x08000618                EXTI1_IRQHandler
                0x08000618                USART2_IRQHandler
                0x08000618                I2C2_ER_IRQHandler
                0x08000618                DMA2_Stream1_IRQHandler
                0x08000618                CAN1_SCE_IRQHandler
                0x08000618                DMA2_Stream4_IRQHandler
                0x08000618                BusFault_Handler
                0x08000618                USART1_IRQHandler
                0x08000618                OTG_FS_IRQHandler
                0x08000618                SPI3_IRQHandler
                0x08000618                DMA1_Stream4_IRQHandler
                0x08000618                I2C1_ER_IRQHandler
                0x08000618                DMA2_Stream6_IRQHandler
                0x08000618                DMA1_Stream3_IRQHandler
 *fill*         0x0800061a        0x2 
 .text.ds1307_init
                0x0800061c       0x3c ./bsp/Src/ds1307.o
                0x0800061c                ds1307_init
 .text.ds1307_set_current_time
                0x08000658       0x96 ./bsp/Src/ds1307.o
                0x08000658                ds1307_set_current_time
 .text.ds1307_get_current_time
                0x080006ee       0x94 ./bsp/Src/ds1307.o
                0x080006ee                ds1307_get_current_time
 .text.ds1307_set_current_date
                0x08000782       0x60 ./bsp/Src/ds1307.o
                0x08000782                ds1307_set_current_date
 .text.ds1307_get_current_date
                0x080007e2       0x68 ./bsp/Src/ds1307.o
                0x080007e2                ds1307_get_current_date
 *fill*         0x0800084a        0x2 
 .text.ds1307_i2c_pin_config
                0x0800084c       0x78 ./bsp/Src/ds1307.o
 .text.ds1307_i2c_config
                0x080008c4       0x2c ./bsp/Src/ds1307.o
 .text.ds1307_write
                0x080008f0       0x38 ./bsp/Src/ds1307.o
 .text.ds1307_read
                0x08000928       0x3c ./bsp/Src/ds1307.o
 .text.binary_to_bcd
                0x08000964       0x58 ./bsp/Src/ds1307.o
 .text.bcd_to_binary
                0x080009bc       0x34 ./bsp/Src/ds1307.o
 .text.lcd_send_command
                0x080009f0       0x44 ./bsp/Src/lcd.o
                0x080009f0                lcd_send_command
 .text.lcd_print_char
                0x08000a34       0x44 ./bsp/Src/lcd.o
                0x08000a34                lcd_print_char
 .text.lcd_print_string
                0x08000a78       0x2c ./bsp/Src/lcd.o
                0x08000a78                lcd_print_string
 .text.lcd_init
                0x08000aa4      0x114 ./bsp/Src/lcd.o
                0x08000aa4                lcd_init
 .text.lcd_display_clear
                0x08000bb8       0x14 ./bsp/Src/lcd.o
                0x08000bb8                lcd_display_clear
 .text.lcd_display_return_home
                0x08000bcc       0x14 ./bsp/Src/lcd.o
                0x08000bcc                lcd_display_return_home
 .text.lcd_set_cursor
                0x08000be0       0x4e ./bsp/Src/lcd.o
                0x08000be0                lcd_set_cursor
 *fill*         0x08000c2e        0x2 
 .text.write_4_bits
                0x08000c30       0x70 ./bsp/Src/lcd.o
 .text.lcd_enable
                0x08000ca0       0x2c ./bsp/Src/lcd.o
 .text.mdelay   0x08000ccc       0x30 ./bsp/Src/lcd.o
 .text.udelay   0x08000cfc       0x2a ./bsp/Src/lcd.o
 *fill*         0x08000d26        0x2 
 .text.GPIO_PeriClockControl
                0x08000d28      0x1d0 ./drivers/Src/stm32f407xx_gpio_driver.o
                0x08000d28                GPIO_PeriClockControl
 .text.GPIO_Init
                0x08000ef8      0x348 ./drivers/Src/stm32f407xx_gpio_driver.o
                0x08000ef8                GPIO_Init
 .text.GPIO_WriteToOutputPin
                0x08001240       0x48 ./drivers/Src/stm32f407xx_gpio_driver.o
                0x08001240                GPIO_WriteToOutputPin
 .text.I2C_PeriClockControl
                0x08001288       0xb0 ./drivers/Src/stm32f407xx_i2c_driver.o
                0x08001288                I2C_PeriClockControl
 .text.I2C_Init
                0x08001338      0x164 ./drivers/Src/stm32f407xx_i2c_driver.o
                0x08001338                I2C_Init
 .text.I2C_MasterSendData
                0x0800149c       0xc6 ./drivers/Src/stm32f407xx_i2c_driver.o
                0x0800149c                I2C_MasterSendData
 .text.I2C_MasterReceiveData
                0x08001562      0x11c ./drivers/Src/stm32f407xx_i2c_driver.o
                0x08001562                I2C_MasterReceiveData
 .text.I2C_PeripheralControl
                0x0800167e       0x36 ./drivers/Src/stm32f407xx_i2c_driver.o
                0x0800167e                I2C_PeripheralControl
 .text.I2C_GenerateStartCondition
                0x080016b4       0x1e ./drivers/Src/stm32f407xx_i2c_driver.o
 .text.I2C_GetFlagStatus
                0x080016d2       0x26 ./drivers/Src/stm32f407xx_i2c_driver.o
                0x080016d2                I2C_GetFlagStatus
 .text.I2C_ExecuteAddressPhaseWrite
                0x080016f8       0x2a ./drivers/Src/stm32f407xx_i2c_driver.o
 .text.I2C_ExecuteAddressPhaseRead
                0x08001722       0x2a ./drivers/Src/stm32f407xx_i2c_driver.o
 .text.I2C_ClearAddrFlag
                0x0800174c       0x6e ./drivers/Src/stm32f407xx_i2c_driver.o
 .text.I2C_GenerateStopCondition
                0x080017ba       0x1e ./drivers/Src/stm32f407xx_i2c_driver.o
                0x080017ba                I2C_GenerateStopCondition
 .text.I2C_ManageAcking
                0x080017d8       0x36 ./drivers/Src/stm32f407xx_i2c_driver.o
                0x080017d8                I2C_ManageAcking
 *fill*         0x0800180e        0x2 
 .text.RCC_GetPCLK1Value
                0x08001810       0xb4 ./drivers/Src/stm32f407xx_rcc_driver.o
                0x08001810                RCC_GetPCLK1Value
 .text.RCC_GetPLLOutputClock
                0x080018c4        0xe ./drivers/Src/stm32f407xx_rcc_driver.o
                0x080018c4                RCC_GetPLLOutputClock
 *fill*         0x080018d2        0x2 
 .text.std      0x080018d4       0x6c C:/ST/STM32CubeIDE_2.0.0/STM32CubeIDE/plugins/com.st.stm32cube.ide.mcu.externaltools.gnu-tools-for-stm32.14.3.rel1.win32_1.0.100.202602081740/tools/bin/../lib/gcc/arm-none-eabi/14.3.1/../../../../arm-none-eabi/lib/thumb/v7e-m/nofp\libc_nano.a(libc_a-findfp.o)
 .text.stdio_exit_handler
                0x08001940       0x18 C:/ST/STM32CubeIDE_2.0.0/STM32CubeIDE/plugins/com.st.stm32cube.ide.mcu.externaltools.gnu-tools-for-stm32.14.3.rel1.win32_1.0.100.202602081740/tools/bin/../lib/gcc/arm-none-eabi/14.3.1/../../../../arm-none-eabi/lib/thumb/v7e-m/nofp\libc_nano.a(libc_a-findfp.o)
 .text.cleanup_stdio
                0x08001958       0x40 C:/ST/STM32CubeIDE_2.0.0/STM32CubeIDE/plugins/com.st.stm32cube.ide.mcu.externaltools.gnu-tools-for-stm32.14.3.rel1.win32_1.0.100.202602081740/tools/bin/../lib/gcc/arm-none-eabi/14.3.1/../../../../arm-none-eabi/lib/thumb/v7e-m/nofp\libc_nano.a(libc_a-findfp.o)
 .text.global_stdio_init.part.0
                0x08001998       0x40 C:/ST/STM32CubeIDE_2.0.0/STM32CubeIDE/plugins/com.st.stm32cube.ide.mcu.externaltools.gnu-tools-for-stm32.14.3.rel1.win32_1.0.100.202602081740/tools/bin/../lib/gcc/arm-none-eabi/14.3.1/../../../../arm-none-eabi/lib/thumb/v7e-m/nofp\libc_nano.a(libc_a-findfp.o)
 .text.__sfp_lock_acquire
                0x080019d8        0xc C:/ST/STM32CubeIDE_2.0.0/STM32CubeIDE/plugins/com.st.stm32cube.ide.mcu.externaltools.gnu-tools-for-stm32.14.3.rel1.win32_1.0.100.202602081740/tools/bin/../lib/gcc/arm-none-eabi/14.3.1/../../../../arm-none-eabi/lib/thumb/v7e-m/nofp\libc_nano.a(libc_a-findfp.o)
                0x080019d8                __sfp_lock_acquire
 .text.__sfp_lock_release
                0x080019e4        0xc C:/ST/STM32CubeIDE_2.0.0/STM32CubeIDE/plugins/com.st.stm32cube.ide.mcu.externaltools.gnu-tools-for-stm32.14.3.rel1.win32_1.0.100.202602081740/tools/bin/../lib/gcc/arm-none-eabi/14.3.1/../../../../arm-none-eabi/lib/thumb/v7e-m/nofp\libc_nano.a(libc_a-findfp.o)
                0x080019e4                __sfp_lock_release
 .text.__sinit  0x080019f0       0x30 C:/ST/STM32CubeIDE_2.0.0/STM32CubeIDE/plugins/com.st.stm32cube.ide.mcu.externaltools.gnu-tools-for-stm32.14.3.rel1.win32_1.0.100.202602081740/tools/bin/../lib/gcc/arm-none-eabi/14.3.1/../../../../arm-none-eabi/lib/thumb/v7e-m/nofp\libc_nano.a(libc_a-findfp.o)
                0x080019f0                __sinit
 .text._fwalk_sglue
                0x08001a20       0x3c C:/ST/STM32CubeIDE_2.0.0/STM32CubeIDE/plugins/com.st.stm32cube.ide.mcu.externaltools.gnu-tools-for-stm32.14.3.rel1.win32_1.0.100.202602081740/tools/bin/../lib/gcc/arm-none-eabi/14.3.1/../../../../arm-none-eabi/lib/thumb/v7e-m/nofp\libc_nano.a(libc_a-fwalk.o)
                0x08001a20                _fwalk_sglue
 .text._puts_r  0x08001a5c       0xaa C:/ST/STM32CubeIDE_2.0.0/STM32CubeIDE/plugins/com.st.stm32cube.ide.mcu.externaltools.gnu-tools-for-stm32.14.3.rel1.win32_1.0.100.202602081740/tools/bin/../lib/gcc/arm-none-eabi/14.3.1/../../../../arm-none-eabi/lib/thumb/v7e-m/nofp\libc_nano.a(libc_a-puts.o)
                0x08001a5c                _puts_r
 *fill*         0x08001b06        0x2 
 .text.puts     0x08001b08       0x10 C:/ST/STM32CubeIDE_2.0.0/STM32CubeIDE/plugins/com.st.stm32cube.ide.mcu.externaltools.gnu-tools-for-stm32.14.3.rel1.win32_1.0.100.202602081740/tools/bin/../lib/gcc/arm-none-eabi/14.3.1/../../../../arm-none-eabi/lib/thumb/v7e-m/nofp\libc_nano.a(libc_a-puts.o)
                0x08001b08                puts
 .text.__sread  0x08001b18       0x22 C:/ST/STM32CubeIDE_2.0.0/STM32CubeIDE/plugins/com.st.stm32cube.ide.mcu.externaltools.gnu-tools-for-stm32.14.3.rel1.win32_1.0.100.202602081740/tools/bin/../lib/gcc/arm-none-eabi/14.3.1/../../../../arm-none-eabi/lib/thumb/v7e-m/nofp\libc_nano.a(libc_a-stdio.o)
                0x08001b18                __sread
 .text.__swrite
                0x08001b3a       0x38 C:/ST/STM32CubeIDE_2.0.0/STM32CubeIDE/plugins/com.st.stm32cube.ide.mcu.externaltools.gnu-tools-for-stm32.14.3.rel1.win32_1.0.100.202602081740/tools/bin/../lib/gcc/arm-none-eabi/14.3.1/../../../../arm-none-eabi/lib/thumb/v7e-m/nofp\libc_nano.a(libc_a-stdio.o)
                0x08001b3a                __swrite
 .text.__sseek  0x08001b72       0x26 C:/ST/STM32CubeIDE_2.0.0/STM32CubeIDE/plugins/com.st.stm32cube.ide.mcu.externaltools.gnu-tools-for-stm32.14.3.rel1.win32_1.0.100.202602081740/tools/bin/../lib/gcc/arm-none-eabi/14.3.1/../../../../arm-none-eabi/lib/thumb/v7e-m/nofp\libc_nano.a(libc_a-stdio.o)
                0x08001b72                __sseek
 .text.__sclose
                0x08001b98        0x8 C:/ST/STM32CubeIDE_2.0.0/STM32CubeIDE/plugins/com.st.stm32cube.ide.mcu.externaltools.gnu-tools-for-stm32.14.3.rel1.win32_1.0.100.202602081740/tools/bin/../lib/gcc/arm-none-eabi/14.3.1/../../../../arm-none-eabi/lib/thumb/v7e-m/nofp\libc_nano.a(libc_a-stdio.o)
                0x08001b98                __sclose
 .text.__swbuf_r
                0x08001ba0       0x7c C:/ST/STM32CubeIDE_2.0.0/STM32CubeIDE/plugins/com.st.stm32cube.ide.mcu.externaltools.gnu-tools-for-stm32.14.3.rel1.win32_1.0.100.202602081740/tools/bin/../lib/gcc/arm-none-eabi/14.3.1/../../../../arm-none-eabi/lib/thumb/v7e-m/nofp\libc_nano.a(libc_a-wbuf.o)
                0x08001ba0                __swbuf_r
 .text.__swsetup_r
                0x08001c1c       0xa8 C:/ST/STM32CubeIDE_2.0.0/STM32CubeIDE/plugins/com.st.stm32cube.ide.mcu.externaltools.gnu-tools-for-stm32.14.3.rel1.win32_1.0.100.202602081740/tools/bin/../lib/gcc/arm-none-eabi/14.3.1/../../../../arm-none-eabi/lib/thumb/v7e-m/nofp\libc_nano.a(libc_a-wsetup.o)
                0x08001c1c                __swsetup_r
 .text.memset   0x08001cc4       0x10 C:/ST/STM32CubeIDE_2.0.0/STM32CubeIDE/plugins/com.st.stm32cube.ide.mcu.externaltools.gnu-tools-for-stm32.14.3.rel1.win32_1.0.100.202602081740/tools/bin/../lib/gcc/arm-none-eabi/14.3.1/../../../../arm-none-eabi/lib/thumb/v7e-m/nofp\libc_nano.a(libc_a-memset.o)
                0x08001cc4                memset
 .text._close_r
                0x08001cd4       0x20 C:/ST/STM32CubeIDE_2.0.0/STM32CubeIDE/plugins/com.st.stm32cube.ide.mcu.externaltools.gnu-tools-for-stm32.14.3.rel1.win32_1.0.100.202602081740/tools/bin/../lib/gcc/arm-none-eabi/14.3.1/../../../../arm-none-eabi/lib/thumb/v7e-m/nofp\libc_nano.a(libc_a-closer.o)
                0x08001cd4                _close_r
 .text._lseek_r
                0x08001cf4       0x24 C:/ST/STM32CubeIDE_2.0.0/STM32CubeIDE/plugins/com.st.stm32cube.ide.mcu.externaltools.gnu-tools-for-stm32.14.3.rel1.win32_1.0.100.202602081740/tools/bin/../lib/gcc/arm-none-eabi/14.3.1/../../../../arm-none-eabi/lib/thumb/v7e-m/nofp\libc_nano.a(libc_a-lseekr.o)
                0x08001cf4                _lseek_r
 .text._read_r  0x08001d18       0x24 C:/ST/STM32CubeIDE_2.0.0/STM32CubeIDE/plugins/com.st.stm32cube.ide.mcu.externaltools.gnu-tools-for-stm32.14.3.rel1.win32_1.0.100.202602081740/tools/bin/../lib/gcc/arm-none-eabi/14.3.1/../../../../arm-none-eabi/lib/thumb/v7e-m/nofp\libc_nano.a(libc_a-readr.o)
                0x08001d18                _read_r
 .text._write_r
                0x08001d3c       0x24 C:/ST/STM32CubeIDE_2.0.0/STM32CubeIDE/plugins/com.st.stm32cube.ide.mcu.externaltools.gnu-tools-for-stm32.14.3.rel1.win32_1.0.100.202602081740/tools/bin/../lib/gcc/arm-none-eabi/14.3.1/../../../../arm-none-eabi/lib/thumb/v7e-m/nofp\libc_nano.a(libc_a-writer.o)
                0x08001d3c                _write_r
 .text.__errno  0x08001d60        0xc C:/ST/STM32CubeIDE_2.0.0/STM32CubeIDE/plugins/com.st.stm32cube.ide.mcu.externaltools.gnu-tools-for-stm32.14.3.rel1.win32_1.0.100.202602081740/tools/bin/../lib/gcc/arm-none-eabi/14.3.1/../../../../arm-none-eabi/lib/thumb/v7e-m/nofp\libc_nano.a(libc_a-errno.o)
                0x08001d60                __errno
 .text.__libc_init_array
                0x08001d6c       0x48 C:/ST/STM32CubeIDE_2.0.0/STM32CubeIDE/plugins/com.st.stm32cube.ide.mcu.externaltools.gnu-tools-for-stm32.14.3.rel1.win32_1.0.100.202602081740/tools/bin/../lib/gcc/arm-none-eabi/14.3.1/../../../../arm-none-eabi/lib/thumb/v7e-m/nofp\libc_nano.a(libc_a-init.o)
                0x08001d6c                __libc_init_array
 .text.__retarget_lock_init_recursive
                0x08001db4        0x2 C:/ST/STM32CubeIDE_2.0.0/STM32CubeIDE/plugins/com.st.stm32cube.ide.mcu.externaltools.gnu-tools-for-stm32.14.3.rel1.win32_1.0.100.202602081740/tools/bin/../lib/gcc/arm-none-eabi/14.3.1/../../../../arm-none-eabi/lib/thumb/v7e-m/nofp\libc_nano.a(libc_a-lock.o)
                0x08001db4                __retarget_lock_init_recursive
 .text.__retarget_lock_acquire_recursive
                0x08001db6        0x2 C:/ST/STM32CubeIDE_2.0.0/STM32CubeIDE/plugins/com.st.stm32cube.ide.mcu.externaltools.gnu-tools-for-stm32.14.3.rel1.win32_1.0.100.202602081740/tools/bin/../lib/gcc/arm-none-eabi/14.3.1/../../../../arm-none-eabi/lib/thumb/v7e-m/nofp\libc_nano.a(libc_a-lock.o)
                0x08001db6                __retarget_lock_acquire_recursive
 .text.__retarget_lock_release_recursive
                0x08001db8        0x2 C:/ST/STM32CubeIDE_2.0.0/STM32CubeIDE/plugins/com.st.stm32cube.ide.mcu.externaltools.gnu-tools-for-stm32.14.3.rel1.win32_1.0.100.202602081740/tools/bin/../lib/gcc/arm-none-eabi/14.3.1/../../../../arm-none-eabi/lib/thumb/v7e-m/nofp\libc_nano.a(libc_a-lock.o)
                0x08001db8                __retarget_lock_release_recursive
 *fill*         0x08001dba        0x2 
 .text._free_r  0x08001dbc       0x94 C:/ST/STM32CubeIDE_2.0.0/STM32CubeIDE/plugins/com.st.stm32cube.ide.mcu.externaltools.gnu-tools-for-stm32.14.3.rel1.win32_1.0.100.202602081740/tools/bin/../lib/gcc/arm-none-eabi/14.3.1/../../../../arm-none-eabi/lib/thumb/v7e-m/nofp\libc_nano.a(libc_a-freer.o)
                0x08001dbc                _free_r
 .text.sbrk_aligned
                0x08001e50       0x44 C:/ST/STM32CubeIDE_2.0.0/STM32CubeIDE/plugins/com.st.stm32cube.ide.mcu.externaltools.gnu-tools-for-stm32.14.3.rel1.win32_1.0.100.202602081740/tools/bin/../lib/gcc/arm-none-eabi/14.3.1/../../../../arm-none-eabi/lib/thumb/v7e-m/nofp\libc_nano.a(libc_a-mallocr.o)
 .text._malloc_r
                0x08001e94      0x100 C:/ST/STM32CubeIDE_2.0.0/STM32CubeIDE/plugins/com.st.stm32cube.ide.mcu.externaltools.gnu-tools-for-stm32.14.3.rel1.win32_1.0.100.202602081740/tools/bin/../lib/gcc/arm-none-eabi/14.3.1/../../../../arm-none-eabi/lib/thumb/v7e-m/nofp\libc_nano.a(libc_a-mallocr.o)
                0x08001e94                _malloc_r
 .text.__malloc_lock
                0x08001f94        0xc C:/ST/STM32CubeIDE_2.0.0/STM32CubeIDE/plugins/com.st.stm32cube.ide.mcu.externaltools.gnu-tools-for-stm32.14.3.rel1.win32_1.0.100.202602081740/tools/bin/../lib/gcc/arm-none-eabi/14.3.1/../../../../arm-none-eabi/lib/thumb/v7e-m/nofp\libc_nano.a(libc_a-mlock.o)
                0x08001f94                __malloc_lock
 .text.__malloc_unlock
                0x08001fa0        0xc C:/ST/STM32CubeIDE_2.0.0/STM32CubeIDE/plugins/com.st.stm32cube.ide.mcu.externaltools.gnu-tools-for-stm32.14.3.rel1.win32_1.0.100.202602081740/tools/bin/../lib/gcc/arm-none-eabi/14.3.1/../../../../arm-none-eabi/lib/thumb/v7e-m/nofp\libc_nano.a(libc_a-mlock.o)
                0x08001fa0                __malloc_unlock
 .text.__sflush_r
                0x08001fac       0xfc C:/ST/STM32CubeIDE_2.0.0/STM32CubeIDE/plugins/com.st.stm32cube.ide.mcu.externaltools.gnu-tools-for-stm32.14.3.rel1.win32_1.0.100.202602081740/tools/bin/../lib/gcc/arm-none-eabi/14.3.1/../../../../arm-none-eabi/lib/thumb/v7e-m/nofp\libc_nano.a(libc_a-fflush.o)
                0x08001fac                __sflush_r
 .text._fflush_r
                0x080020a8       0x50 C:/ST/STM32CubeIDE_2.0.0/STM32CubeIDE/plugins/com.st.stm32cube.ide.mcu.externaltools.gnu-tools-for-stm32.14.3.rel1.win32_1.0.100.202602081740/tools/bin/../lib/gcc/arm-none-eabi/14.3.1/../../../../arm-none-eabi/lib/thumb/v7e-m/nofp\libc_nano.a(libc_a-fflush.o)
                0x080020a8                _fflush_r
 .text.__swhatbuf_r
                0x080020f8       0x48 C:/ST/STM32CubeIDE_2.0.0/STM32CubeIDE/plugins/com.st.stm32cube.ide.mcu.externaltools.gnu-tools-for-stm32.14.3.rel1.win32_1.0.100.202602081740/tools/bin/../lib/gcc/arm-none-eabi/14.3.1/../../../../arm-none-eabi/lib/thumb/v7e-m/nofp\libc_nano.a(libc_a-makebuf.o)
                0x080020f8                __swhatbuf_r
 .text.__smakebuf_r
                0x08002140       0x72 C:/ST/STM32CubeIDE_2.0.0/STM32CubeIDE/plugins/com.st.stm32cube.ide.mcu.externaltools.gnu-tools-for-stm32.14.3.rel1.win32_1.0.100.202602081740/tools/bin/../lib/gcc/arm-none-eabi/14.3.1/../../../../arm-none-eabi/lib/thumb/v7e-m/nofp\libc_nano.a(libc_a-makebuf.o)
                0x08002140                __smakebuf_r
 *fill*         0x080021b2        0x2 
 .text._fstat_r
                0x080021b4       0x24 C:/ST/STM32CubeIDE_2.0.0/STM32CubeIDE/plugins/com.st.stm32cube.ide.mcu.externaltools.gnu-tools-for-stm32.14.3.rel1.win32_1.0.100.202602081740/tools/bin/../lib/gcc/arm-none-eabi/14.3.1/../../../../arm-none-eabi/lib/thumb/v7e-m/nofp\libc_nano.a(libc_a-fstatr.o)
                0x080021b4                _fstat_r
 .text._isatty_r
                0x080021d8       0x20 C:/ST/STM32CubeIDE_2.0.0/STM32CubeIDE/plugins/com.st.stm32cube.ide.mcu.externaltools.gnu-tools-for-stm32.14.3.rel1.win32_1.0.100.202602081740/tools/bin/../lib/gcc/arm-none-eabi/14.3.1/../../../../arm-none-eabi/lib/thumb/v7e-m/nofp\libc_nano.a(libc_a-isattyr.o)
                0x080021d8                _isatty_r
 .text._sbrk_r  0x080021f8       0x20 C:/ST/STM32CubeIDE_2.0.0/STM32CubeIDE/plugins/com.st.stm32cube.ide.mcu.externaltools.gnu-tools-for-stm32.14.3.rel1.win32_1.0.100.202602081740/tools/bin/../lib/gcc/arm-none-eabi/14.3.1/../../../../arm-none-eabi/lib/thumb/v7e-m/nofp\libc_nano.a(libc_a-sbrkr.o)
                0x080021f8                _sbrk_r
 .text.findslot
                0x08002218       0x34 C:/ST/STM32CubeIDE_2.0.0/STM32CubeIDE/plugins/com.st.stm32cube.ide.mcu.externaltools.gnu-tools-for-stm32.14.3.rel1.win32_1.0.100.202602081740/tools/bin/../lib/gcc/arm-none-eabi/14.3.1/../../../../arm-none-eabi/lib/thumb/v7e-m/nofp\librdimon_nano.a(arm_librdimon_a-syscalls.o)
 .text.error    0x0800224c       0x1c C:/ST/STM32CubeIDE_2.0.0/STM32CubeIDE/plugins/com.st.stm32cube.ide.mcu.externaltools.gnu-tools-for-stm32.14.3.rel1.win32_1.0.100.202602081740/tools/bin/../lib/gcc/arm-none-eabi/14.3.1/../../../../arm-none-eabi/lib/thumb/v7e-m/nofp\librdimon_nano.a(arm_librdimon_a-syscalls.o)
 .text.checkerror
                0x08002268        0xa C:/ST/STM32CubeIDE_2.0.0/STM32CubeIDE/plugins/com.st.stm32cube.ide.mcu.externaltools.gnu-tools-for-stm32.14.3.rel1.win32_1.0.100.202602081740/tools/bin/../lib/gcc/arm-none-eabi/14.3.1/../../../../arm-none-eabi/lib/thumb/v7e-m/nofp\librdimon_nano.a(arm_librdimon_a-syscalls.o)
 .text._swiread
                0x08002272       0x20 C:/ST/STM32CubeIDE_2.0.0/STM32CubeIDE/plugins/com.st.stm32cube.ide.mcu.externaltools.gnu-tools-for-stm32.14.3.rel1.win32_1.0.100.202602081740/tools/bin/../lib/gcc/arm-none-eabi/14.3.1/../../../../arm-none-eabi/lib/thumb/v7e-m/nofp\librdimon_nano.a(arm_librdimon_a-syscalls.o)
                0x08002272                _swiread
 .text._read    0x08002292       0x34 C:/ST/STM32CubeIDE_2.0.0/STM32CubeIDE/plugins/com.st.stm32cube.ide.mcu.externaltools.gnu-tools-for-stm32.14.3.rel1.win32_1.0.100.202602081740/tools/bin/../lib/gcc/arm-none-eabi/14.3.1/../../../../arm-none-eabi/lib/thumb/v7e-m/nofp\librdimon_nano.a(arm_librdimon_a-syscalls.o)
                0x08002292                _read
 .text._swilseek
                0x080022c6       0x78 C:/ST/STM32CubeIDE_2.0.0/STM32CubeIDE/plugins/com.st.stm32cube.ide.mcu.externaltools.gnu-tools-for-stm32.14.3.rel1.win32_1.0.100.202602081740/tools/bin/../lib/gcc/arm-none-eabi/14.3.1/../../../../arm-none-eabi/lib/thumb/v7e-m/nofp\librdimon_nano.a(arm_librdimon_a-syscalls.o)
                0x080022c6                _swilseek
 .text._lseek   0x0800233e        0x4 C:/ST/STM32CubeIDE_2.0.0/STM32CubeIDE/plugins/com.st.stm32cube.ide.mcu.externaltools.gnu-tools-for-stm32.14.3.rel1.win32_1.0.100.202602081740/tools/bin/../lib/gcc/arm-none-eabi/14.3.1/../../../../arm-none-eabi/lib/thumb/v7e-m/nofp\librdimon_nano.a(arm_librdimon_a-syscalls.o)
                0x0800233e                _lseek
 .text._swiwrite
                0x08002342       0x20 C:/ST/STM32CubeIDE_2.0.0/STM32CubeIDE/plugins/com.st.stm32cube.ide.mcu.externaltools.gnu-tools-for-stm32.14.3.rel1.win32_1.0.100.202602081740/tools/bin/../lib/gcc/arm-none-eabi/14.3.1/../../../../arm-none-eabi/lib/thumb/v7e-m/nofp\librdimon_nano.a(arm_librdimon_a-syscalls.o)
                0x08002342                _swiwrite
 .text._write   0x08002362       0x40 C:/ST/STM32CubeIDE_2.0.0/STM32CubeIDE/plugins/com.st.stm32cube.ide.mcu.externaltools.gnu-tools-for-stm32.14.3.rel1.win32_1.0.100.202602081740/tools/bin/../lib/gcc/arm-none-eabi/14.3.1/../../../../arm-none-eabi/lib/thumb/v7e-m/nofp\librdimon_nano.a(arm_librdimon_a-syscalls.o)
                0x08002362                _write
 .text._swiclose
                0x080023a2       0x1a C:/ST/STM32CubeIDE_2.0.0/STM32CubeIDE/plugins/com.st.stm32cube.ide.mcu.externaltools.gnu-tools-for-stm32.14.3.rel1.win32_1.0.100.202602081740/tools/bin/../lib/gcc/arm-none-eabi/14.3.1/../../../../arm-none-eabi/lib/thumb/v7e-m/nofp\librdimon_nano.a(arm_librdimon_a-syscalls.o)
                0x080023a2                _swiclose
 .text._close   0x080023bc       0x4c C:/ST/STM32CubeIDE_2.0.0/STM32CubeIDE/plugins/com.st.stm32cube.ide.mcu.externaltools.gnu-tools-for-stm32.14.3.rel1.win32_1.0.100.202602081740/tools/bin/../lib/gcc/arm-none-eabi/14.3.1/../../../../arm-none-eabi/lib/thumb/v7e-m/nofp\librdimon_nano.a(arm_librdimon_a-syscalls.o)
                0x080023bc                _close
 .text._swistat
                0x08002408       0x42 C:/ST/STM32CubeIDE_2.0.0/STM32CubeIDE/plugins/com.st.stm32cube.ide.mcu.externaltools.gnu-tools-for-stm32.14.3.rel1.win32_1.0.100.202602081740/tools/bin/../lib/gcc/arm-none-eabi/14.3.1/../../../../arm-none-eabi/lib/thumb/v7e-m/nofp\librdimon_nano.a(arm_librdimon_a-syscalls.o)
                0x08002408                _swistat
 .text._fstat   0x0800244a       0x1c C:/ST/STM32CubeIDE_2.0.0/STM32CubeIDE/plugins/com.st.stm32cube.ide.mcu.externaltools.gnu-tools-for-stm32.14.3.rel1.win32_1.0.100.202602081740/tools/bin/../lib/gcc/arm-none-eabi/14.3.1/../../../../arm-none-eabi/lib/thumb/v7e-m/nofp\librdimon_nano.a(arm_librdimon_a-syscalls.o)
                0x0800244a                _fstat
 .text._isatty  0x08002466       0x3a C:/ST/STM32CubeIDE_2.0.0/STM32CubeIDE/plugins/com.st.stm32cube.ide.mcu.externaltools.gnu-tools-for-stm32.14.3.rel1.win32_1.0.100.202602081740/tools/bin/../lib/gcc/arm-none-eabi/14.3.1/../../../../arm-none-eabi/lib/thumb/v7e-m/nofp\librdimon_nano.a(arm_librdimon_a-syscalls.o)
                0x08002466                _isatty
 *(.glue_7)
 .glue_7        0x080024a0        0x0 linker stubs
 *(.glue_7t)
 .glue_7t       0x080024a0        0x0 linker stubs
 *(.eh_frame)
 .eh_frame      0x080024a0        0x0 C:/ST/STM32CubeIDE_2.0.0/STM32CubeIDE/plugins/com.st.stm32cube.ide.mcu.externaltools.gnu-tools-for-stm32.14.3.rel1.win32_1.0.100.202602081740/tools/bin/../lib/gcc/arm-none-eabi/14.3.1/thumb/v7e-m/nofp/crtbegin.o
 *(.init)
 .init          0x080024a0        0x4 C:/ST/STM32CubeIDE_2.0.0/STM32CubeIDE/plugins/com.st.stm32cube.ide.mcu.externaltools.gnu-tools-for-stm32.14.3.rel1.win32_1.0.100.202602081740/tools/bin/../lib/gcc/arm-none-eabi/14.3.1/thumb/v7e-m/nofp/crti.o
                0x080024a0                _init
 .init          0x080024a4        0x8 C:/ST/STM32CubeIDE_2.0.0/STM32CubeIDE/plugins/com.st.stm32cube.ide.mcu.externaltools.gnu-tools-for-stm32.14.3.rel1.win32_1.0.100.202602081740/tools/bin/../lib/gcc/arm-none-eabi/14.3.1/thumb/v7e-m/nofp/crtn.o
 *(.fini)
 .fini          0x080024ac        0x4 C:/ST/STM32CubeIDE_2.0.0/STM32CubeIDE/plugins/com.st.stm32cube.ide.mcu.externaltools.gnu-tools-for-stm32.14.3.rel1.win32_1.0.100.202602081740/tools/bin/../lib/gcc/arm-none-eabi/14.3.1/thumb/v7e-m/nofp/crti.o
                0x080024ac                _fini
 .fini          0x080024b0        0x8 C:/ST/STM32CubeIDE_2.0.0/STM32CubeIDE/plugins/com.st.stm32cube.ide.mcu.externaltools.gnu-tools-for-stm32.14.3.rel1.win32_1.0.100.202602081740/tools/bin/../lib/gcc/arm-none-eabi/14.3.1/thumb/v7e-m/nofp/crtn.o
                0x080024b8                        . = ALIGN (0x4)
                0x080024b8                        _etext = .

.vfp11_veneer   0x080024b8        0x0
 .vfp11_veneer  0x080024b8        0x0 linker stubs

.v4_bx          0x080024b8        0x0
 .v4_bx         0x080024b8        0x0 linker stubs

.iplt           0x080024b8        0x0
 .iplt          0x080024b8        0x0 C:/ST/STM32CubeIDE_2.0.0/STM32CubeIDE/plugins/com.st.stm32cube.ide.mcu.externaltools.gnu-tools-for-stm32.14.3.rel1.win32_1.0.100.202602081740/tools/bin/../lib/gcc/arm-none-eabi/14.3.1/thumb/v7e-m/nofp/crtbegin.o

.rodata         0x080024b8       0x60
                0x080024b8                        . = ALIGN (0x4)
 *(.rodata)
 .rodata        0x080024b8       0x5f ./Src/017rtc_lcd.o
 *(.rodata*)
                0x08002518                        . = ALIGN (0x4)
 *fill*         0x08002517        0x1 

.ARM.extab      0x08002518        0x0
                0x08002518                        . = ALIGN (0x4)
 *(.ARM.extab* .gnu.linkonce.armextab.*)
                0x08002518                        . = ALIGN (0x4)

.ARM            0x08002518        0x0
                0x08002518                        . = ALIGN (0x4)
                0x08002518                        __exidx_start = .
 *(.ARM.exidx*)
                0x08002518                        __exidx_end = .
                0x08002518                        . = ALIGN (0x4)

.preinit_array  0x08002518        0x0
                0x08002518                        . = ALIGN (0x4)
                0x08002518                        PROVIDE (__preinit_array_start = .)
 *(.preinit_array*)
                0x08002518                        PROVIDE (__preinit_array_end = .)
                0x08002518                        . = ALIGN (0x4)

.init_array     0x08002518        0x4
                0x08002518                        . = ALIGN (0x4)
                0x08002518                        PROVIDE (__init_array_start = .)
 *(SORT_BY_NAME(.init_array.*))
 *(.init_array*)
 .init_array    0x08002518        0x4 C:/ST/STM32CubeIDE_2.0.0/STM32CubeIDE/plugins/com.st.stm32cube.ide.mcu.externaltools.gnu-tools-for-stm32.14.3.rel1.win32_1.0.100.202602081740/tools/bin/../lib/gcc/arm-none-eabi/14.3.1/thumb/v7e-m/nofp/crtbegin.o
                0x0800251c                        PROVIDE (__init_array_end = .)
                0x0800251c                        . = ALIGN (0x4)

.fini_array     0x0800251c        0x4
                0x0800251c                        . = ALIGN (0x4)
                [!provide]                        PROVIDE (__fini_array_start = .)
 *(SORT_BY_NAME(.fini_array.*))
 *(.fini_array*)
 .fini_array    0x0800251c        0x4 C:/ST/STM32CubeIDE_2.0.0/STM32CubeIDE/plugins/com.st.stm32cube.ide.mcu.externaltools.gnu-tools-for-stm32.14.3.rel1.win32_1.0.100.202602081740/tools/bin/../lib/gcc/arm-none-eabi/14.3.1/thumb/v7e-m/nofp/crtbegin.o
                [!provide]                        PROVIDE (__fini_array_end = .)
                0x08002520                        . = ALIGN (0x4)
                0x08002520                        _sidata = LOADADDR (.data)

.rel.dyn        0x08002520        0x0
 .rel.iplt      0x08002520        0x0 C:/ST/STM32CubeIDE_2.0.0/STM32CubeIDE/plugins/com.st.stm32cube.ide.mcu.externaltools.gnu-tools-for-stm32.14.3.rel1.win32_1.0.100.202602081740/tools/bin/../lib/gcc/arm-none-eabi/14.3.1/thumb/v7e-m/nofp/crtbegin.o

.data           0x20000000       0x7c load address 0x08002520
                0x20000000                        . = ALIGN (0x4)
                0x20000000                        _sdata = .
 *(.data)
 *(.data*)
 .data.AHB_Prescaler
                0x20000000       0x10 ./drivers/Src/stm32f407xx_rcc_driver.o
                0x20000000                AHB_Prescaler
 .data.APB1_Prescaler
                0x20000010       0x10 ./drivers/Src/stm32f407xx_rcc_driver.o
                0x20000010                APB1_Prescaler
 .data.__sglue  0x20000020        0xc C:/ST/STM32CubeIDE_2.0.0/STM32CubeIDE/plugins/com.st.stm32cube.ide.mcu.externaltools.gnu-tools-for-stm32.14.3.rel1.win32_1.0.100.202602081740/tools/bin/../lib/gcc/arm-none-eabi/14.3.1/../../../../arm-none-eabi/lib/thumb/v7e-m/nofp\libc_nano.a(libc_a-findfp.o)
                0x20000020                __sglue
 .data._impure_ptr
                0x2000002c        0x4 C:/ST/STM32CubeIDE_2.0.0/STM32CubeIDE/plugins/com.st.stm32cube.ide.mcu.externaltools.gnu-tools-for-stm32.14.3.rel1.win32_1.0.100.202602081740/tools/bin/../lib/gcc/arm-none-eabi/14.3.1/../../../../arm-none-eabi/lib/thumb/v7e-m/nofp\libc_nano.a(libc_a-impure.o)
                0x2000002c                _impure_ptr
 .data._impure_data
                0x20000030       0x4c C:/ST/STM32CubeIDE_2.0.0/STM32CubeIDE/plugins/com.st.stm32cube.ide.mcu.externaltools.gnu-tools-for-stm32.14.3.rel1.win32_1.0.100.202602081740/tools/bin/../lib/gcc/arm-none-eabi/14.3.1/../../../../arm-none-eabi/lib/thumb/v7e-m/nofp\libc_nano.a(libc_a-impure.o)
                0x20000030                _impure_data
 *(.RamFunc)
 *(.RamFunc*)
                0x2000007c                        . = ALIGN (0x4)
                0x2000007c                        _edata = .
                0x0800259c                        _siccmram = LOADADDR (.ccmram)

.igot.plt       0x2000007c        0x0 load address 0x0800259c
 .igot.plt      0x2000007c        0x0 C:/ST/STM32CubeIDE_2.0.0/STM32CubeIDE/plugins/com.st.stm32cube.ide.mcu.externaltools.gnu-tools-for-stm32.14.3.rel1.win32_1.0.100.202602081740/tools/bin/../lib/gcc/arm-none-eabi/14.3.1/thumb/v7e-m/nofp/crtbegin.o

.ccmram         0x10000000        0x0 load address 0x0800259c
                0x10000000                        . = ALIGN (0x4)
                0x10000000                        _sccmram = .
 *(.ccmram)
 *(.ccmram*)
                0x10000000                        . = ALIGN (0x4)
                0x10000000                        _eccmram = .
                0x10000000                        . = ALIGN (0x4)

.bss            0x2000007c      0x254
                0x2000007c                        _sbss = .
                0x2000007c                        __bss_start__ = _sbss
 *(.bss)
 .bss           0x2000007c       0x1c C:/ST/STM32CubeIDE_2.0.0/STM32CubeIDE/plugins/com.st.stm32cube.ide.mcu.externaltools.gnu-tools-for-stm32.14.3.rel1.win32_1.0.100.202602081740/tools/bin/../lib/gcc/arm-none-eabi/14.3.1/thumb/v7e-m/nofp/crtbegin.o
 *(.bss*)
 .bss.current_date
                0x20000098        0x4 ./Src/017rtc_lcd.o
                0x20000098                current_date
 .bss.current_time
                0x2000009c        0x4 ./Src/017rtc_lcd.o
                0x2000009c                current_time
 .bss.buf.1     0x200000a0        0x9 ./Src/017rtc_lcd.o
 *fill*         0x200000a9        0x3 
 .bss.buf.0     0x200000ac        0x9 ./Src/017rtc_lcd.o
 *fill*         0x200000b5        0x3 
 .bss.__sbrk_heap_end
                0x200000b8        0x4 ./Src/sysmem.o
 .bss.ds1307I2CHandle
                0x200000bc       0x28 ./bsp/Src/ds1307.o
                0x200000bc                ds1307I2CHandle
 .bss.__sf      0x200000e4      0x138 C:/ST/STM32CubeIDE_2.0.0/STM32CubeIDE/plugins/com.st.stm32cube.ide.mcu.externaltools.gnu-tools-for-stm32.14.3.rel1.win32_1.0.100.202602081740/tools/bin/../lib/gcc/arm-none-eabi/14.3.1/../../../../arm-none-eabi/lib/thumb/v7e-m/nofp\libc_nano.a(libc_a-findfp.o)
                0x200000e4                __sf
 .bss.__stdio_exit_handler
                0x2000021c        0x4 C:/ST/STM32CubeIDE_2.0.0/STM32CubeIDE/plugins/com.st.stm32cube.ide.mcu.externaltools.gnu-tools-for-stm32.14.3.rel1.win32_1.0.100.202602081740/tools/bin/../lib/gcc/arm-none-eabi/14.3.1/../../../../arm-none-eabi/lib/thumb/v7e-m/nofp\libc_nano.a(libc_a-findfp.o)
                0x2000021c                __stdio_exit_handler
 .bss.errno     0x20000220        0x4 C:/ST/STM32CubeIDE_2.0.0/STM32CubeIDE/plugins/com.st.stm32cube.ide.mcu.externaltools.gnu-tools-for-stm32.14.3.rel1.win32_1.0.100.202602081740/tools/bin/../lib/gcc/arm-none-eabi/14.3.1/../../../../arm-none-eabi/lib/thumb/v7e-m/nofp\libc_nano.a(libc_a-reent.o)
                0x20000220                errno
 .bss.__lock___malloc_recursive_mutex
                0x20000224        0x1 C:/ST/STM32CubeIDE_2.0.0/STM32CubeIDE/plugins/com.st.stm32cube.ide.mcu.externaltools.gnu-tools-for-stm32.14.3.rel1.win32_1.0.100.202602081740/tools/bin/../lib/gcc/arm-none-eabi/14.3.1/../../../../arm-none-eabi/lib/thumb/v7e-m/nofp\libc_nano.a(libc_a-lock.o)
                0x20000224                __lock___malloc_recursive_mutex
 .bss.__lock___sfp_recursive_mutex
                0x20000225        0x1 C:/ST/STM32CubeIDE_2.0.0/STM32CubeIDE/plugins/com.st.stm32cube.ide.mcu.externaltools.gnu-tools-for-stm32.14.3.rel1.win32_1.0.100.202602081740/tools/bin/../lib/gcc/arm-none-eabi/14.3.1/../../../../arm-none-eabi/lib/thumb/v7e-m/nofp\libc_nano.a(libc_a-lock.o)
                0x20000225                __lock___sfp_recursive_mutex
 *fill*         0x20000226        0x2 
 .bss.__malloc_sbrk_start
                0x20000228        0x4 C:/ST/STM32CubeIDE_2.0.0/STM32CubeIDE/plugins/com.st.stm32cube.ide.mcu.externaltools.gnu-tools-for-stm32.14.3.rel1.win32_1.0.100.202602081740/tools/bin/../lib/gcc/arm-none-eabi/14.3.1/../../../../arm-none-eabi/lib/thumb/v7e-m/nofp\libc_nano.a(libc_a-mallocr.o)
                0x20000228                __malloc_sbrk_start
 .bss.__malloc_free_list
                0x2000022c        0x4 C:/ST/STM32CubeIDE_2.0.0/STM32CubeIDE/plugins/com.st.stm32cube.ide.mcu.externaltools.gnu-tools-for-stm32.14.3.rel1.win32_1.0.100.202602081740/tools/bin/../lib/gcc/arm-none-eabi/14.3.1/../../../../arm-none-eabi/lib/thumb/v7e-m/nofp\libc_nano.a(libc_a-mallocr.o)
                0x2000022c                __malloc_free_list
 .bss.openfiles
                0x20000230       0xa0 C:/ST/STM32CubeIDE_2.0.0/STM32CubeIDE/plugins/com.st.stm32cube.ide.mcu.externaltools.gnu-tools-for-stm32.14.3.rel1.win32_1.0.100.202602081740/tools/bin/../lib/gcc/arm-none-eabi/14.3.1/../../../../arm-none-eabi/lib/thumb/v7e-m/nofp\librdimon_nano.a(arm_librdimon_a-syscalls.o)
 *(COMMON)
                0x200002d0                        . = ALIGN (0x4)
                0x200002d0                        _ebss = .
                0x200002d0                        __bss_end__ = _ebss

._user_heap_stack
                0x200002d0      0x600
                0x200002d0                        . = ALIGN (0x8)
                0x200002d0                        PROVIDE (end = .)
                0x200002d0                        PROVIDE (_end = .)
                0x200004d0                        . = (. + _Min_Heap_Size)
 *fill*         0x200002d0      0x200 
                0x200008d0                        . = (. + _Min_Stack_Size)
 *fill*         0x200004d0      0x400 
                0x200008d0                        . = ALIGN (0x8)

/DISCARD/
 libc.a(*)
 libm.a(*)
 libgcc.a(*)

.ARM.attributes
                0x00000000       0x2a
 *(.ARM.attributes)
 .ARM.attributes
                0x00000000       0x1e C:/ST/STM32CubeIDE_2.0.0/STM32CubeIDE/plugins/com.st.stm32cube.ide.mcu.externaltools.gnu-tools-for-stm32.14.3.rel1.win32_1.0.100.202602081740/tools/bin/../lib/gcc/arm-none-eabi/14.3.1/thumb/v7e-m/nofp/crti.o
 .ARM.attributes
                0x0000001e       0x2e C:/ST/STM32CubeIDE_2.0.0/STM32CubeIDE/plugins/com.st.stm32cube.ide.mcu.externaltools.gnu-tools-for-stm32.14.3.rel1.win32_1.0.100.202602081740/tools/bin/../lib/gcc/arm-none-eabi/14.3.1/thumb/v7e-m/nofp/crtbegin.o
 .ARM.attributes
                0x0000004c       0x2e ./Src/017rtc_lcd.o
 .ARM.attributes
                0x0000007a       0x2e ./Src/sysmem.o
 .ARM.attributes
                0x000000a8       0x21 ./Startup/startup_stm32f407vgtx.o
 .ARM.attributes
                0x000000c9       0x2e ./bsp/Src/ds1307.o
 .ARM.attributes
                0x000000f7       0x2e ./bsp/Src/lcd.o
 .ARM.attributes
                0x00000125       0x2e ./drivers/Src/stm32f407xx_gpio_driver.o
 .ARM.attributes
                0x00000153       0x2e ./drivers/Src/stm32f407xx_i2c_driver.o
 .ARM.attributes
                0x00000181       0x2e ./drivers/Src/stm32f407xx_rcc_driver.o
 .ARM.attributes
                0x000001af       0x2e C:/ST/STM32CubeIDE_2.0.0/STM32CubeIDE/plugins/com.st.stm32cube.ide.mcu.externaltools.gnu-tools-for-stm32.14.3.rel1.win32_1.0.100.202602081740/tools/bin/../lib/gcc/arm-none-eabi/14.3.1/../../../../arm-none-eabi/lib/thumb/v7e-m/nofp\libc_nano.a(libc_a-findfp.o)
 .ARM.attributes
                0x000001dd       0x2e C:/ST/STM32CubeIDE_2.0.0/STM32CubeIDE/plugins/com.st.stm32cube.ide.mcu.externaltools.gnu-tools-for-stm32.14.3.rel1.win32_1.0.100.202602081740/tools/bin/../lib/gcc/arm-none-eabi/14.3.1/../../../../arm-none-eabi/lib/thumb/v7e-m/nofp\libc_nano.a(libc_a-fwalk.o)
 .ARM.attributes
                0x0000020b       0x2e C:/ST/STM32CubeIDE_2.0.0/STM32CubeIDE/plugins/com.st.stm32cube.ide.mcu.externaltools.gnu-tools-for-stm32.14.3.rel1.win32_1.0.100.202602081740/tools/bin/../lib/gcc/arm-none-eabi/14.3.1/../../../../arm-none-eabi/lib/thumb/v7e-m/nofp\libc_nano.a(libc_a-puts.o)
 .ARM.attributes
                0x00000239       0x2e C:/ST/STM32CubeIDE_2.0.0/STM32CubeIDE/plugins/com.st.stm32cube.ide.mcu.externaltools.gnu-tools-for-stm32.14.3.rel1.win32_1.0.100.202602081740/tools/bin/../lib/gcc/arm-none-eabi/14.3.1/../../../../arm-none-eabi/lib/thumb/v7e-m/nofp\libc_nano.a(libc_a-stdio.o)
 .ARM.attributes
                0x00000267       0x2e C:/ST/STM32CubeIDE_2.0.0/STM32CubeIDE/plugins/com.st.stm32cube.ide.mcu.externaltools.gnu-tools-for-stm32.14.3.rel1.win32_1.0.100.202602081740/tools/bin/../lib/gcc/arm-none-eabi/14.3.1/../../../../arm-none-eabi/lib/thumb/v7e-m/nofp\libc_nano.a(libc_a-wbuf.o)
 .ARM.attributes
                0x00000295       0x2e C:/ST/STM32CubeIDE_2.0.0/STM32CubeIDE/plugins/com.st.stm32cube.ide.mcu.externaltools.gnu-tools-for-stm32.14.3.rel1.win32_1.0.100.202602081740/tools/bin/../lib/gcc/arm-none-eabi/14.3.1/../../../../arm-none-eabi/lib/thumb/v7e-m/nofp\libc_nano.a(libc_a-wsetup.o)
 .ARM.attributes
                0x000002c3       0x2e C:/ST/STM32CubeIDE_2.0.0/STM32CubeIDE/plugins/com.st.stm32cube.ide.mcu.externaltools.gnu-tools-for-stm32.14.3.rel1.win32_1.0.100.202602081740/tools/bin/../lib/gcc/arm-none-eabi/14.3.1/../../../../arm-none-eabi/lib/thumb/v7e-m/nofp\libc_nano.a(libc_a-memset.o)
 .ARM.attributes
                0x000002f1       0x2e C:/ST/STM32CubeIDE_2.0.0/STM32CubeIDE/plugins/com.st.stm32cube.ide.mcu.externaltools.gnu-tools-for-stm32.14.3.rel1.win32_1.0.100.202602081740/tools/bin/../lib/gcc/arm-none-eabi/14.3.1/../../../../arm-none-eabi/lib/thumb/v7e-m/nofp\libc_nano.a(libc_a-closer.o)
 .ARM.attributes
                0x0000031f       0x2e C:/ST/STM32CubeIDE_2.0.0/STM32CubeIDE/plugins/com.st.stm32cube.ide.mcu.externaltools.gnu-tools-for-stm32.14.3.rel1.win32_1.0.100.202602081740/tools/bin/../lib/gcc/arm-none-eabi/14.3.1/../../../../arm-none-eabi/lib/thumb/v7e-m/nofp\libc_nano.a(libc_a-reent.o)
 .ARM.attributes
                0x0000034d       0x2e C:/ST/STM32CubeIDE_2.0.0/STM32CubeIDE/plugins/com.st.stm32cube.ide.mcu.externaltools.gnu-tools-for-stm32.14.3.rel1.win32_1.0.100.202602081740/tools/bin/../lib/gcc/arm-none-eabi/14.3.1/../../../../arm-none-eabi/lib/thumb/v7e-m/nofp\libc_nano.a(libc_a-impure.o)
 .ARM.attributes
                0x0000037b       0x2e C:/ST/STM32CubeIDE_2.0.0/STM32CubeIDE/plugins/com.st.stm32cube.ide.mcu.externaltools.gnu-tools-for-stm32.14.3.rel1.win32_1.0.100.202602081740/tools/bin/../lib/gcc/arm-none-eabi/14.3.1/../../../../arm-none-eabi/lib/thumb/v7e-m/nofp\libc_nano.a(libc_a-lseekr.o)
 .ARM.attributes
                0x000003a9       0x2e C:/ST/STM32CubeIDE_2.0.0/STM32CubeIDE/plugins/com.st.stm32cube.ide.mcu.externaltools.gnu-tools-for-stm32.14.3.rel1.win32_1.0.100.202602081740/tools/bin/../lib/gcc/arm-none-eabi/14.3.1/../../../../arm-none-eabi/lib/thumb/v7e-m/nofp\libc_nano.a(libc_a-readr.o)
 .ARM.attributes
                0x000003d7       0x2e C:/ST/STM32CubeIDE_2.0.0/STM32CubeIDE/plugins/com.st.stm32cube.ide.mcu.externaltools.gnu-tools-for-stm32.14.3.rel1.win32_1.0.100.202602081740/tools/bin/../lib/gcc/arm-none-eabi/14.3.1/../../../../arm-none-eabi/lib/thumb/v7e-m/nofp\libc_nano.a(libc_a-writer.o)
 .ARM.attributes
                0x00000405       0x2e C:/ST/STM32CubeIDE_2.0.0/STM32CubeIDE/plugins/com.st.stm32cube.ide.mcu.externaltools.gnu-tools-for-stm32.14.3.rel1.win32_1.0.100.202602081740/tools/bin/../lib/gcc/arm-none-eabi/14.3.1/../../../../arm-none-eabi/lib/thumb/v7e-m/nofp\libc_nano.a(libc_a-errno.o)
 .ARM.attributes
                0x00000433       0x2e C:/ST/STM32CubeIDE_2.0.0/STM32CubeIDE/plugins/com.st.stm32cube.ide.mcu.externaltools.gnu-tools-for-stm32.14.3.rel1.win32_1.0.100.202602081740/tools/bin/../lib/gcc/arm-none-eabi/14.3.1/../../../../arm-none-eabi/lib/thumb/v7e-m/nofp\libc_nano.a(libc_a-init.o)
 .ARM.attributes
                0x00000461       0x2e C:/ST/STM32CubeIDE_2.0.0/STM32CubeIDE/plugins/com.st.stm32cube.ide.mcu.externaltools.gnu-tools-for-stm32.14.3.rel1.win32_1.0.100.202602081740/tools/bin/../lib/gcc/arm-none-eabi/14.3.1/../../../../arm-none-eabi/lib/thumb/v7e-m/nofp\libc_nano.a(libc_a-lock.o)
 .ARM.attributes
                0x0000048f       0x2e C:/ST/STM32CubeIDE_2.0.0/STM32CubeIDE/plugins/com.st.stm32cube.ide.mcu.externaltools.gnu-tools-for-stm32.14.3.rel1.win32_1.0.100.202602081740/tools/bin/../lib/gcc/arm-none-eabi/14.3.1/../../../../arm-none-eabi/lib/thumb/v7e-m/nofp\libc_nano.a(libc_a-freer.o)
 .ARM.attributes
                0x000004bd       0x2e C:/ST/STM32CubeIDE_2.0.0/STM32CubeIDE/plugins/com.st.stm32cube.ide.mcu.externaltools.gnu-tools-for-stm32.14.3.rel1.win32_1.0.100.202602081740/tools/bin/../lib/gcc/arm-none-eabi/14.3.1/../../../../arm-none-eabi/lib/thumb/v7e-m/nofp\libc_nano.a(libc_a-mallocr.o)
 .ARM.attributes
                0x000004eb       0x2e C:/ST/STM32CubeIDE_2.0.0/STM32CubeIDE/plugins/com.st.stm32cube.ide.mcu.externaltools.gnu-tools-for-stm32.14.3.rel1.win32_1.0.100.202602081740/tools/bin/../lib/gcc/arm-none-eabi/14.3.1/../../../../arm-none-eabi/lib/thumb/v7e-m/nofp\libc_nano.a(libc_a-mlock.o)
 .ARM.attributes
                0x00000519       0x2e C:/ST/STM32CubeIDE_2.0.0/STM32CubeIDE/plugins/com.st.stm32cube.ide.mcu.externaltools.gnu-tools-for-stm32.14.3.rel1.win32_1.0.100.202602081740/tools/bin/../lib/gcc/arm-none-eabi/14.3.1/../../../../arm-none-eabi/lib/thumb/v7e-m/nofp\libc_nano.a(libc_a-fflush.o)
 .ARM.attributes
                0x00000547       0x2e C:/ST/STM32CubeIDE_2.0.0/STM32CubeIDE/plugins/com.st.stm32cube.ide.mcu.externaltools.gnu-tools-for-stm32.14.3.rel1.win32_1.0.100.202602081740/tools/bin/../lib/gcc/arm-none-eabi/14.3.1/../../../../arm-none-eabi/lib/thumb/v7e-m/nofp\libc_nano.a(libc_a-makebuf.o)
 .ARM.attributes
                0x00000575       0x2e C:/ST/STM32CubeIDE_2.0.0/STM32CubeIDE/plugins/com.st.stm32cube.ide.mcu.externaltools.gnu-tools-for-stm32.14.3.rel1.win32_1.0.100.202602081740/tools/bin/../lib/gcc/arm-none-eabi/14.3.1/../../../../arm-none-eabi/lib/thumb/v7e-m/nofp\libc_nano.a(libc_a-fstatr.o)
 .ARM.attributes
                0x000005a3       0x2e C:/ST/STM32CubeIDE_2.0.0/STM32CubeIDE/plugins/com.st.stm32cube.ide.mcu.externaltools.gnu-tools-for-stm32.14.3.rel1.win32_1.0.100.202602081740/tools/bin/../lib/gcc/arm-none-eabi/14.3.1/../../../../arm-none-eabi/lib/thumb/v7e-m/nofp\libc_nano.a(libc_a-isattyr.o)
 .ARM.attributes
                0x000005d1       0x2e C:/ST/STM32CubeIDE_2.0.0/STM32CubeIDE/plugins/com.st.stm32cube.ide.mcu.externaltools.gnu-tools-for-stm32.14.3.rel1.win32_1.0.100.202602081740/tools/bin/../lib/gcc/arm-none-eabi/14.3.1/../../../../arm-none-eabi/lib/thumb/v7e-m/nofp\libc_nano.a(libc_a-sbrkr.o)
 .ARM.attributes
                0x000005ff       0x2e C:/ST/STM32CubeIDE_2.0.0/STM32CubeIDE/plugins/com.st.stm32cube.ide.mcu.externaltools.gnu-tools-for-stm32.14.3.rel1.win32_1.0.100.202602081740/tools/bin/../lib/gcc/arm-none-eabi/14.3.1/../../../../arm-none-eabi/lib/thumb/v7e-m/nofp\librdimon_nano.a(arm_librdimon_a-syscalls.o)
 .ARM.attributes
                0x0000062d       0x1e C:/ST/STM32CubeIDE_2.0.0/STM32CubeIDE/plugins/com.st.stm32cube.ide.mcu.externaltools.gnu-tools-for-stm32.14.3.rel1.win32_1.0.100.202602081740/tools/bin/../lib/gcc/arm-none-eabi/14.3.1/thumb/v7e-m/nofp/crtn.o
OUTPUT(RealTimeClock_LCD.elf elf32-littlearm)
LOAD linker stubs
LOAD C:/ST/STM32CubeIDE_2.0.0/STM32CubeIDE/plugins/com.st.stm32cube.ide.mcu.externaltools.gnu-tools-for-stm32.14.3.rel1.win32_1.0.100.202602081740/tools/bin/../lib/gcc/arm-none-eabi/14.3.1/../../../../arm-none-eabi/lib/thumb/v7e-m/nofp\libc.a
LOAD C:/ST/STM32CubeIDE_2.0.0/STM32CubeIDE/plugins/com.st.stm32cube.ide.mcu.externaltools.gnu-tools-for-stm32.14.3.rel1.win32_1.0.100.202602081740/tools/bin/../lib/gcc/arm-none-eabi/14.3.1/../../../../arm-none-eabi/lib/thumb/v7e-m/nofp\libm.a
LOAD C:/ST/STM32CubeIDE_2.0.0/STM32CubeIDE/plugins/com.st.stm32cube.ide.mcu.externaltools.gnu-tools-for-stm32.14.3.rel1.win32_1.0.100.202602081740/tools/bin/../lib/gcc/arm-none-eabi/14.3.1/thumb/v7e-m/nofp\libgcc.a

.debug_info     0x00000000     0x2509
 .debug_info    0x00000000      0x3c5 ./Src/017rtc_lcd.o
 .debug_info    0x000003c5      0x168 ./Src/sysmem.o
 .debug_info    0x0000052d       0x30 ./Startup/startup_stm32f407vgtx.o
 .debug_info    0x0000055d      0x726 ./bsp/Src/ds1307.o
 .debug_info    0x00000c83      0x39b ./bsp/Src/lcd.o
 .debug_info    0x0000101e      0x721 ./drivers/Src/stm32f407xx_gpio_driver.o
 .debug_info    0x0000173f      0xa5a ./drivers/Src/stm32f407xx_i2c_driver.o
 .debug_info    0x00002199      0x370 ./drivers/Src/stm32f407xx_rcc_driver.o

.debug_abbrev   0x00000000      0xab2
 .debug_abbrev  0x00000000      0x1ae ./Src/017rtc_lcd.o
 .debug_abbrev  0x000001ae       0xbc ./Src/sysmem.o
 .debug_abbrev  0x0000026a       0x24 ./Startup/startup_stm32f407vgtx.o
 .debug_abbrev  0x0000028e      0x1b7 ./bsp/Src/ds1307.o
 .debug_abbrev  0x00000445      0x19d ./bsp/Src/lcd.o
 .debug_abbrev  0x000005e2      0x178 ./drivers/Src/stm32f407xx_gpio_driver.o
 .debug_abbrev  0x0000075a      0x245 ./drivers/Src/stm32f407xx_i2c_driver.o
 .debug_abbrev  0x0000099f      0x113 ./drivers/Src/stm32f407xx_rcc_driver.o

.debug_aranges  0x00000000      0x308
 .debug_aranges
                0x00000000       0x58 ./Src/017rtc_lcd.o
 .debug_aranges
                0x00000058       0x20 ./Src/sysmem.o
 .debug_aranges
                0x00000078       0x28 ./Startup/startup_stm32f407vgtx.o
 .debug_aranges
                0x000000a0       0x70 ./bsp/Src/ds1307.o
 .debug_aranges
                0x00000110       0x70 ./bsp/Src/lcd.o
 .debug_aranges
                0x00000180       0x70 ./drivers/Src/stm32f407xx_gpio_driver.o
 .debug_aranges
                0x000001f0       0xe8 ./drivers/Src/stm32f407xx_i2c_driver.o
 .debug_aranges
                0x000002d8       0x30 ./drivers/Src/stm32f407xx_rcc_driver.o

.debug_rnglists
                0x00000000      0x234
 .debug_rnglists
                0x00000000       0x3f ./Src/017rtc_lcd.o
 .debug_rnglists
                0x0000003f       0x13 ./Src/sysmem.o
 .debug_rnglists
                0x00000052       0x19 ./Startup/startup_stm32f407vgtx.o
 .debug_rnglists
                0x0000006b       0x51 ./bsp/Src/ds1307.o
 .debug_rnglists
                0x000000bc       0x50 ./bsp/Src/lcd.o
 .debug_rnglists
                0x0000010c       0x53 ./drivers/Src/stm32f407xx_gpio_driver.o
 .debug_rnglists
                0x0000015f       0xb4 ./drivers/Src/stm32f407xx_i2c_driver.o
 .debug_rnglists
                0x00000213       0x21 ./drivers/Src/stm32f407xx_rcc_driver.o

.debug_macro    0x00000000     0x36a0
 .debug_macro   0x00000000      0x1a8 ./Src/017rtc_lcd.o
 .debug_macro   0x000001a8      0xad8 ./Src/017rtc_lcd.o
 .debug_macro   0x00000c80       0x22 ./Src/017rtc_lcd.o
 .debug_macro   0x00000ca2       0x5b ./Src/017rtc_lcd.o
 .debug_macro   0x00000cfd       0x24 ./Src/017rtc_lcd.o
 .debug_macro   0x00000d21       0x94 ./Src/017rtc_lcd.o
 .debug_macro   0x00000db5       0x43 ./Src/017rtc_lcd.o
 .debug_macro   0x00000df8       0x34 ./Src/017rtc_lcd.o
 .debug_macro   0x00000e2c       0x16 ./Src/017rtc_lcd.o
 .debug_macro   0x00000e42       0x57 ./Src/017rtc_lcd.o
 .debug_macro   0x00000e99       0x9e ./Src/017rtc_lcd.o
 .debug_macro   0x00000f37      0x364 ./Src/017rtc_lcd.o
 .debug_macro   0x0000129b      0x112 ./Src/017rtc_lcd.o
 .debug_macro   0x000013ad       0x10 ./Src/017rtc_lcd.o
 .debug_macro   0x000013bd       0x16 ./Src/017rtc_lcd.o
 .debug_macro   0x000013d3       0x4a ./Src/017rtc_lcd.o
 .debug_macro   0x0000141d       0x34 ./Src/017rtc_lcd.o
 .debug_macro   0x00001451       0x10 ./Src/017rtc_lcd.o
 .debug_macro   0x00001461       0x58 ./Src/017rtc_lcd.o
 .debug_macro   0x000014b9       0x8e ./Src/017rtc_lcd.o
 .debug_macro   0x00001547       0x1c ./Src/017rtc_lcd.o
 .debug_macro   0x00001563      0x17e ./Src/017rtc_lcd.o
 .debug_macro   0x000016e1       0x16 ./Src/017rtc_lcd.o
 .debug_macro   0x000016f7       0x16 ./Src/017rtc_lcd.o
 .debug_macro   0x0000170d      0x146 ./Src/017rtc_lcd.o
 .debug_macro   0x00001853      0x103 ./Src/017rtc_lcd.o
 .debug_macro   0x00001956       0x6a ./Src/017rtc_lcd.o
 .debug_macro   0x000019c0      0x1df ./Src/017rtc_lcd.o
 .debug_macro   0x00001b9f      0x893 ./Src/017rtc_lcd.o
 .debug_macro   0x00002432       0xc4 ./Src/017rtc_lcd.o
 .debug_macro   0x000024f6       0xc4 ./Src/017rtc_lcd.o
 .debug_macro   0x000025ba       0xdc ./Src/017rtc_lcd.o
 .debug_macro   0x00002696      0x130 ./Src/017rtc_lcd.o
 .debug_macro   0x000027c6       0x94 ./Src/017rtc_lcd.o
 .debug_macro   0x0000285a       0x58 ./Src/017rtc_lcd.o
 .debug_macro   0x000028b2      0x112 ./Src/sysmem.o
 .debug_macro   0x000029c4       0x10 ./Src/sysmem.o
 .debug_macro   0x000029d4      0x190 ./Src/sysmem.o
 .debug_macro   0x00002b64      0x23c ./Src/sysmem.o
 .debug_macro   0x00002da0      0x195 ./bsp/Src/ds1307.o
 .debug_macro   0x00002f35       0x8e ./bsp/Src/ds1307.o
 .debug_macro   0x00002fc3       0x51 ./bsp/Src/ds1307.o
 .debug_macro   0x00003014       0x61 ./bsp/Src/ds1307.o
 .debug_macro   0x00003075       0x10 ./bsp/Src/ds1307.o
 .debug_macro   0x00003085       0x3c ./bsp/Src/ds1307.o
 .debug_macro   0x000030c1       0x20 ./bsp/Src/ds1307.o
 .debug_macro   0x000030e1      0x195 ./bsp/Src/lcd.o
 .debug_macro   0x00003276       0x52 ./bsp/Src/lcd.o
 .debug_macro   0x000032c8       0xc2 ./drivers/Src/stm32f407xx_gpio_driver.o
 .debug_macro   0x0000338a       0xbe ./drivers/Src/stm32f407xx_gpio_driver.o
 .debug_macro   0x00003448       0xc6 ./drivers/Src/stm32f407xx_i2c_driver.o
 .debug_macro   0x0000350e       0xd6 ./drivers/Src/stm32f407xx_i2c_driver.o
 .debug_macro   0x000035e4       0xbc ./drivers/Src/stm32f407xx_rcc_driver.o

.debug_line     0x00000000     0x4265
 .debug_line    0x00000000      0x960 ./Src/017rtc_lcd.o
 .debug_line    0x00000960      0x588 ./Src/sysmem.o
 .debug_line    0x00000ee8       0x7b ./Startup/startup_stm32f407vgtx.o
 .debug_line    0x00000f63      0x99d ./bsp/Src/ds1307.o
 .debug_line    0x00001900      0x91a ./bsp/Src/lcd.o
 .debug_line    0x0000221a      0xb16 ./drivers/Src/stm32f407xx_gpio_driver.o
 .debug_line    0x00002d30      0xedf ./drivers/Src/stm32f407xx_i2c_driver.o
 .debug_line    0x00003c0f      0x656 ./drivers/Src/stm32f407xx_rcc_driver.o

.debug_str      0x00000000     0xc006
 .debug_str     0x00000000     0xc006 ./Src/017rtc_lcd.o
                               0xb3b6 (size before relaxing)
 .debug_str     0x0000c006     0x7731 ./Src/sysmem.o
 .debug_str     0x0000c006       0xe5 ./Startup/startup_stm32f407vgtx.o
 .debug_str     0x0000c006     0xae28 ./bsp/Src/ds1307.o
 .debug_str     0x0000c006     0xabc8 ./bsp/Src/lcd.o
 .debug_str     0x0000c006     0x7ac1 ./drivers/Src/stm32f407xx_gpio_driver.o
 .debug_str     0x0000c006     0x7c43 ./drivers/Src/stm32f407xx_i2c_driver.o
 .debug_str     0x0000c006     0x7907 ./drivers/Src/stm32f407xx_rcc_driver.o

.comment        0x00000000       0x43
 .comment       0x00000000       0x43 ./Src/017rtc_lcd.o
                                 0x44 (size before relaxing)
 .comment       0x00000043       0x44 ./Src/sysmem.o
 .comment       0x00000043       0x44 ./bsp/Src/ds1307.o
 .comment       0x00000043       0x44 ./bsp/Src/lcd.o
 .comment       0x00000043       0x44 ./drivers/Src/stm32f407xx_gpio_driver.o
 .comment       0x00000043       0x44 ./drivers/Src/stm32f407xx_i2c_driver.o
 .comment       0x00000043       0x44 ./drivers/Src/stm32f407xx_rcc_driver.o

.debug_frame    0x00000000     0x1478
 .debug_frame   0x00000000      0x134 ./Src/017rtc_lcd.o
 .debug_frame   0x00000134       0x34 ./Src/sysmem.o
 .debug_frame   0x00000168      0x194 ./bsp/Src/ds1307.o
 .debug_frame   0x000002fc      0x184 ./bsp/Src/lcd.o
 .debug_frame   0x00000480      0x1a0 ./drivers/Src/stm32f407xx_gpio_driver.o
 .debug_frame   0x00000620      0x3b8 ./drivers/Src/stm32f407xx_i2c_driver.o
 .debug_frame   0x000009d8       0x74 ./drivers/Src/stm32f407xx_rcc_driver.o
 .debug_frame   0x00000a4c      0x144 C:/ST/STM32CubeIDE_2.0.0/STM32CubeIDE/plugins/com.st.stm32cube.ide.mcu.externaltools.gnu-tools-for-stm32.14.3.rel1.win32_1.0.100.202602081740/tools/bin/../lib/gcc/arm-none-eabi/14.3.1/../../../../arm-none-eabi/lib/thumb/v7e-m/nofp\libc_nano.a(libc_a-findfp.o)
 .debug_frame   0x00000b90       0x34 C:/ST/STM32CubeIDE_2.0.0/STM32CubeIDE/plugins/com.st.stm32cube.ide.mcu.externaltools.gnu-tools-for-stm32.14.3.rel1.win32_1.0.100.202602081740/tools/bin/../lib/gcc/arm-none-eabi/14.3.1/../../../../arm-none-eabi/lib/thumb/v7e-m/nofp\libc_nano.a(libc_a-fwalk.o)
 .debug_frame   0x00000bc4       0x3c C:/ST/STM32CubeIDE_2.0.0/STM32CubeIDE/plugins/com.st.stm32cube.ide.mcu.externaltools.gnu-tools-for-stm32.14.3.rel1.win32_1.0.100.202602081740/tools/bin/../lib/gcc/arm-none-eabi/14.3.1/../../../../arm-none-eabi/lib/thumb/v7e-m/nofp\libc_nano.a(libc_a-puts.o)
 .debug_frame   0x00000c00       0x88 C:/ST/STM32CubeIDE_2.0.0/STM32CubeIDE/plugins/com.st.stm32cube.ide.mcu.externaltools.gnu-tools-for-stm32.14.3.rel1.win32_1.0.100.202602081740/tools/bin/../lib/gcc/arm-none-eabi/14.3.1/../../../../arm-none-eabi/lib/thumb/v7e-m/nofp\libc_nano.a(libc_a-stdio.o)
 .debug_frame   0x00000c88       0x40 C:/ST/STM32CubeIDE_2.0.0/STM32CubeIDE/plugins/com.st.stm32cube.ide.mcu.externaltools.gnu-tools-for-stm32.14.3.rel1.win32_1.0.100.202602081740/tools/bin/../lib/gcc/arm-none-eabi/14.3.1/../../../../arm-none-eabi/lib/thumb/v7e-m/nofp\libc_nano.a(libc_a-wbuf.o)
 .debug_frame   0x00000cc8       0x2c C:/ST/STM32CubeIDE_2.0.0/STM32CubeIDE/plugins/com.st.stm32cube.ide.mcu.externaltools.gnu-tools-for-stm32.14.3.rel1.win32_1.0.100.202602081740/tools/bin/../lib/gcc/arm-none-eabi/14.3.1/../../../../arm-none-eabi/lib/thumb/v7e-m/nofp\libc_nano.a(libc_a-wsetup.o)
 .debug_frame   0x00000cf4       0x20 C:/ST/STM32CubeIDE_2.0.0/STM32CubeIDE/plugins/com.st.stm32cube.ide.mcu.externaltools.gnu-tools-for-stm32.14.3.rel1.win32_1.0.100.202602081740/tools/bin/../lib/gcc/arm-none-eabi/14.3.1/../../../../arm-none-eabi/lib/thumb/v7e-m/nofp\libc_nano.a(libc_a-memset.o)
 .debug_frame   0x00000d14       0x2c C:/ST/STM32CubeIDE_2.0.0/STM32CubeIDE/plugins/com.st.stm32cube.ide.mcu.externaltools.gnu-tools-for-stm32.14.3.rel1.win32_1.0.100.202602081740/tools/bin/../lib/gcc/arm-none-eabi/14.3.1/../../../../arm-none-eabi/lib/thumb/v7e-m/nofp\libc_nano.a(libc_a-closer.o)
 .debug_frame   0x00000d40       0x38 C:/ST/STM32CubeIDE_2.0.0/STM32CubeIDE/plugins/com.st.stm32cube.ide.mcu.externaltools.gnu-tools-for-stm32.14.3.rel1.win32_1.0.100.202602081740/tools/bin/../lib/gcc/arm-none-eabi/14.3.1/../../../../arm-none-eabi/lib/thumb/v7e-m/nofp\libc_nano.a(libc_a-reent.o)
 .debug_frame   0x00000d78       0x2c C:/ST/STM32CubeIDE_2.0.0/STM32CubeIDE/plugins/com.st.stm32cube.ide.mcu.externaltools.gnu-tools-for-stm32.14.3.rel1.win32_1.0.100.202602081740/tools/bin/../lib/gcc/arm-none-eabi/14.3.1/../../../../arm-none-eabi/lib/thumb/v7e-m/nofp\libc_nano.a(libc_a-lseekr.o)
 .debug_frame   0x00000da4       0x2c C:/ST/STM32CubeIDE_2.0.0/STM32CubeIDE/plugins/com.st.stm32cube.ide.mcu.externaltools.gnu-tools-for-stm32.14.3.rel1.win32_1.0.100.202602081740/tools/bin/../lib/gcc/arm-none-eabi/14.3.1/../../../../arm-none-eabi/lib/thumb/v7e-m/nofp\libc_nano.a(libc_a-readr.o)
 .debug_frame   0x00000dd0       0x2c C:/ST/STM32CubeIDE_2.0.0/STM32CubeIDE/plugins/com.st.stm32cube.ide.mcu.externaltools.gnu-tools-for-stm32.14.3.rel1.win32_1.0.100.202602081740/tools/bin/../lib/gcc/arm-none-eabi/14.3.1/../../../../arm-none-eabi/lib/thumb/v7e-m/nofp\libc_nano.a(libc_a-writer.o)
 .debug_frame   0x00000dfc       0x20 C:/ST/STM32CubeIDE_2.0.0/STM32CubeIDE/plugins/com.st.stm32cube.ide.mcu.externaltools.gnu-tools-for-stm32.14.3.rel1.win32_1.0.100.202602081740/tools/bin/../lib/gcc/arm-none-eabi/14.3.1/../../../../arm-none-eabi/lib/thumb/v7e-m/nofp\libc_nano.a(libc_a-errno.o)
 .debug_frame   0x00000e1c       0x2c C:/ST/STM32CubeIDE_2.0.0/STM32CubeIDE/plugins/com.st.stm32cube.ide.mcu.externaltools.gnu-tools-for-stm32.14.3.rel1.win32_1.0.100.202602081740/tools/bin/../lib/gcc/arm-none-eabi/14.3.1/../../../../arm-none-eabi/lib/thumb/v7e-m/nofp\libc_nano.a(libc_a-init.o)
 .debug_frame   0x00000e48       0xb0 C:/ST/STM32CubeIDE_2.0.0/STM32CubeIDE/plugins/com.st.stm32cube.ide.mcu.externaltools.gnu-tools-for-stm32.14.3.rel1.win32_1.0.100.202602081740/tools/bin/../lib/gcc/arm-none-eabi/14.3.1/../../../../arm-none-eabi/lib/thumb/v7e-m/nofp\libc_nano.a(libc_a-lock.o)
 .debug_frame   0x00000ef8       0x38 C:/ST/STM32CubeIDE_2.0.0/STM32CubeIDE/plugins/com.st.stm32cube.ide.mcu.externaltools.gnu-tools-for-stm32.14.3.rel1.win32_1.0.100.202602081740/tools/bin/../lib/gcc/arm-none-eabi/14.3.1/../../../../arm-none-eabi/lib/thumb/v7e-m/nofp\libc_nano.a(libc_a-freer.o)
 .debug_frame   0x00000f30       0x50 C:/ST/STM32CubeIDE_2.0.0/STM32CubeIDE/plugins/com.st.stm32cube.ide.mcu.externaltools.gnu-tools-for-stm32.14.3.rel1.win32_1.0.100.202602081740/tools/bin/../lib/gcc/arm-none-eabi/14.3.1/../../../../arm-none-eabi/lib/thumb/v7e-m/nofp\libc_nano.a(libc_a-mallocr.o)
 .debug_frame   0x00000f80       0x30 C:/ST/STM32CubeIDE_2.0.0/STM32CubeIDE/plugins/com.st.stm32cube.ide.mcu.externaltools.gnu-tools-for-stm32.14.3.rel1.win32_1.0.100.202602081740/tools/bin/../lib/gcc/arm-none-eabi/14.3.1/../../../../arm-none-eabi/lib/thumb/v7e-m/nofp\libc_nano.a(libc_a-mlock.o)
 .debug_frame   0x00000fb0       0x5c C:/ST/STM32CubeIDE_2.0.0/STM32CubeIDE/plugins/com.st.stm32cube.ide.mcu.externaltools.gnu-tools-for-stm32.14.3.rel1.win32_1.0.100.202602081740/tools/bin/../lib/gcc/arm-none-eabi/14.3.1/../../../../arm-none-eabi/lib/thumb/v7e-m/nofp\libc_nano.a(libc_a-fflush.o)
 .debug_frame   0x0000100c       0x58 C:/ST/STM32CubeIDE_2.0.0/STM32CubeIDE/plugins/com.st.stm32cube.ide.mcu.externaltools.gnu-tools-for-stm32.14.3.rel1.win32_1.0.100.202602081740/tools/bin/../lib/gcc/arm-none-eabi/14.3.1/../../../../arm-none-eabi/lib/thumb/v7e-m/nofp\libc_nano.a(libc_a-makebuf.o)
 .debug_frame   0x00001064       0x2c C:/ST/STM32CubeIDE_2.0.0/STM32CubeIDE/plugins/com.st.stm32cube.ide.mcu.externaltools.gnu-tools-for-stm32.14.3.rel1.win32_1.0.100.202602081740/tools/bin/../lib/gcc/arm-none-eabi/14.3.1/../../../../arm-none-eabi/lib/thumb/v7e-m/nofp\libc_nano.a(libc_a-fstatr.o)
 .debug_frame   0x00001090       0x2c C:/ST/STM32CubeIDE_2.0.0/STM32CubeIDE/plugins/com.st.stm32cube.ide.mcu.externaltools.gnu-tools-for-stm32.14.3.rel1.win32_1.0.100.202602081740/tools/bin/../lib/gcc/arm-none-eabi/14.3.1/../../../../arm-none-eabi/lib/thumb/v7e-m/nofp\libc_nano.a(libc_a-isattyr.o)
 .debug_frame   0x000010bc       0x2c C:/ST/STM32CubeIDE_2.0.0/STM32CubeIDE/plugins/com.st.stm32cube.ide.mcu.externaltools.gnu-tools-for-stm32.14.3.rel1.win32_1.0.100.202602081740/tools/bin/../lib/gcc/arm-none-eabi/14.3.1/../../../../arm-none-eabi/lib/thumb/v7e-m/nofp\libc_nano.a(libc_a-sbrkr.o)
 .debug_frame   0x000010e8      0x390 C:/ST/STM32CubeIDE_2.0.0/STM32CubeIDE/plugins/com.st.stm32cube.ide.mcu.externaltools.gnu-tools-for-stm32.14.3.rel1.win32_1.0.100.202602081740/tools/bin/../lib/gcc/arm-none-eabi/14.3.1/../../../../arm-none-eabi/lib/thumb/v7e-m/nofp\librdimon_nano.a(arm_librdimon_a-syscalls.o)

.debug_line_str
                0x00000000       0xc9
 .debug_line_str
                0x00000000       0xc9 ./Startup/startup_stm32f407vgtx.o
