../bsp/Src/lcd.c:18:6:lcd_send_command	16	static
../bsp/Src/lcd.c:42:6:lcd_print_char	16	static
../bsp/Src/lcd.c:60:6:lcd_print_string	16	static
../bsp/Src/lcd.c:69:6:lcd_init	24	static
../bsp/Src/lcd.c:155:6:lcd_display_clear	8	static
../bsp/Src/lcd.c:170:6:lcd_display_return_home	8	static
../bsp/Src/lcd.c:188:6:lcd_set_cursor	16	static
../bsp/Src/lcd.c:208:13:write_4_bits	16	static
../bsp/Src/lcd.c:220:14:lcd_enable	8	static
../bsp/Src/lcd.c:228:14:mdelay	24	static
../bsp/Src/lcd.c:233:14:udelay	24	static
